# serializer version: 1
# name: test_discovery_snapshot
  list([
    dict({
      'attributes': dict({
        'friendly_name': 'Vitocal250A Boiler Pumps Internal Status',
        'viessmann_feature_name': 'heating.boiler.pumps.internal.status',
      }),
      'entity_id': 'binary_sensor.vitocal250a_boiler_pumps_internal_status',
      'state': 'off',
    }),
    dict({
      'attributes': dict({
        'friendly_name': 'Vitocal250A Circuits 0 Configuration Summereco Absolute Active',
        'viessmann_feature_name': 'heating.circuits.0.configuration.summerEco.absolute.active',
      }),
      'entity_id': 'binary_sensor.vitocal250a_circuits_0_configuration_summereco_absolute_active',
      'state': 'on',
    }),
    dict({
      'attributes': dict({
        'friendly_name': 'Vitocal250A Circuits 0 Zone Mode Active',
        'viessmann_feature_name': 'heating.circuits.0.zone.mode.active',
      }),
      'entity_id': 'binary_sensor.vitocal250a_circuits_0_zone_mode_active',
      'state': 'off',
    }),
    dict({
      'attributes': dict({
        'device_class': 'running',
        'friendly_name': 'Vitocal250A Circulation Pump Heating Circuit 0',
        'viessmann_feature_name': 'heating.circuits.0.circulation.pump.status',
      }),
      'entity_id': 'binary_sensor.vitocal250a_circulation_pump_heating_circuit_0',
      'state': 'on',
    }),
    dict({
      'attributes': dict({
        'device_class': 'running',
        'friendly_name': 'Vitocal250A Compressor 0 Active',
        'viessmann_feature_name': 'heating.compressors.0.active',
      }),
      'entity_id': 'binary_sensor.vitocal250a_compressor_0_active',
      'state': 'off',
    }),
    dict({
      'attributes': dict({
        'device_class': 'running',
        'friendly_name': 'Vitocal250A Compressor 0 Crankcase Heater',
        'viessmann_feature_name': 'heating.compressors.0.heater.crankcase.active',
      }),
      'entity_id': 'binary_sensor.vitocal250a_compressor_0_crankcase_heater',
      'state': 'off',
    }),
    dict({
      'attributes': dict({
        'friendly_name': 'Vitocal250A Dhw Active',
        'viessmann_feature_name': 'heating.dhw.active',
      }),
      'entity_id': 'binary_sensor.vitocal250a_dhw_active',
      'state': 'on',
    }),
    dict({
      'attributes': dict({
        'device_class': 'running',
        'friendly_name': 'Vitocal250A DHW Circulation Pump',
        'viessmann_feature_name': 'heating.dhw.pumps.circulation.status',
      }),
      'entity_id': 'binary_sensor.vitocal250a_dhw_circulation_pump',
      'state': 'on',
    }),
    dict({
      'attributes': dict({
        'friendly_name': 'Vitocal250A Dhw Hygiene Enabled',
        'viessmann_feature_name': 'heating.dhw.hygiene.enabled',
      }),
      'entity_id': 'binary_sensor.vitocal250a_dhw_hygiene_enabled',
      'state': 'off',
    }),
    dict({
      'attributes': dict({
        'friendly_name': 'Vitocal250A Dhw Operating Modes Comfort Active',
        'viessmann_feature_name': 'heating.dhw.operating.modes.comfort.active',
      }),
      'entity_id': 'binary_sensor.vitocal250a_dhw_operating_modes_comfort_active',
      'state': 'off',
    }),
    dict({
      'attributes': dict({
        'friendly_name': 'Vitocal250A Dhw Operating Modes Eco Active',
        'viessmann_feature_name': 'heating.dhw.operating.modes.eco.active',
      }),
      'entity_id': 'binary_sensor.vitocal250a_dhw_operating_modes_eco_active',
      'state': 'off',
    }),
    dict({
      'attributes': dict({
        'friendly_name': 'Vitocal250A Dhw Status',
        'viessmann_feature_name': 'heating.dhw.status',
      }),
      'entity_id': 'binary_sensor.vitocal250a_dhw_status',
      'state': 'on',
    }),
    dict({
      'attributes': dict({
        'device_class': 'running',
        'friendly_name': 'Vitocal250A Evaporator 0 Base Heater',
        'viessmann_feature_name': 'heating.evaporators.0.heater.base.active',
      }),
      'entity_id': 'binary_sensor.vitocal250a_evaporator_0_base_heater',
      'state': 'off',
    }),
    dict({
      'attributes': dict({
        'device_class': 'running',
        'friendly_name': 'Vitocal250A Frost Protection Heating Circuit 0',
        'viessmann_feature_name': 'heating.circuits.0.frostprotection.status',
      }),
      'entity_id': 'binary_sensor.vitocal250a_frost_protection_heating_circuit_0',
      'state': 'off',
    }),
    dict({
      'attributes': dict({
        'friendly_name': 'Vitocal250A Heater Condensatepan Active',
        'viessmann_feature_name': 'heating.heater.condensatePan.active',
      }),
      'entity_id': 'binary_sensor.vitocal250a_heater_condensatepan_active',
      'state': 'off',
    }),
    dict({
      'attributes': dict({
        'friendly_name': 'Vitocal250A Heater Fanring Active',
        'viessmann_feature_name': 'heating.heater.fanRing.active',
      }),
      'entity_id': 'binary_sensor.vitocal250a_heater_fanring_active',
      'state': 'off',
    }),
    dict({
      'attributes': dict({
        'friendly_name': 'Vitocal250A Heatingrod Active',
        'viessmann_feature_name': 'heating.heatingRod.active',
      }),
      'entity_id': 'binary_sensor.vitocal250a_heatingrod_active',
      'state': 'on',
    }),
    dict({
      'attributes': dict({
        'device_class': 'running',
        'friendly_name': 'Vitocal250A One Time Charge',
        'viessmann_feature_name': 'heating.dhw.oneTimeCharge.active',
      }),
      'entity_id': 'binary_sensor.vitocal250a_one_time_charge',
      'state': 'off',
    }),
    dict({
      'attributes': dict({
        'friendly_name': 'Vitocal250A Operating Programs Holiday Active',
        'viessmann_feature_name': 'heating.operating.programs.holiday.active',
      }),
      'entity_id': 'binary_sensor.vitocal250a_operating_programs_holiday_active',
      'state': 'off',
    }),
    dict({
      'attributes': dict({
        'friendly_name': 'Vitocal250A Operating Programs Holidayathome Active',
        'viessmann_feature_name': 'heating.operating.programs.holidayAtHome.active',
      }),
      'entity_id': 'binary_sensor.vitocal250a_operating_programs_holidayathome_active',
      'state': 'off',
    }),
    dict({
      'attributes': dict({
        'friendly_name': 'Vitocal250A Outdoor Defrosting Active',
        'viessmann_feature_name': 'heating.outdoor.defrosting.active',
      }),
      'entity_id': 'binary_sensor.vitocal250a_outdoor_defrosting_active',
      'state': 'off',
    }),
    dict({
      'attributes': dict({
        'friendly_name': 'Vitocal250A Primarycircuit Valves Fourthreeway Active',
        'viessmann_feature_name': 'heating.primaryCircuit.valves.fourThreeWay.active',
      }),
      'entity_id': 'binary_sensor.vitocal250a_primarycircuit_valves_fourthreeway_active',
      'state': 'off',
    }),
    dict({
      'attributes': dict({
        'friendly_name': 'Vitocal250A Secondaryheatgenerator Active',
        'viessmann_feature_name': 'heating.secondaryHeatGenerator.active',
      }),
      'entity_id': 'binary_sensor.vitocal250a_secondaryheatgenerator_active',
      'state': 'off',
    }),
    dict({
      'attributes': dict({
        'friendly_name': 'Vitocal250A Circuits 0 Temperature Levels Max',
        'max': 70.0,
        'min': 10.0,
        'mode': <NumberMode.BOX: 'box'>,
        'step': 1.0,
        'viessmann_feature_name': 'heating.circuits.0.temperature.levels.max',
      }),
      'entity_id': 'number.vitocal250a_circuits_0_temperature_levels_max',
      'state': '60',
    }),
    dict({
      'attributes': dict({
        'friendly_name': 'Vitocal250A Circuits 0 Temperature Levels Min',
        'max': 30.0,
        'min': 1.0,
        'mode': <NumberMode.BOX: 'box'>,
        'step': 1.0,
        'viessmann_feature_name': 'heating.circuits.0.temperature.levels.min',
      }),
      'entity_id': 'number.vitocal250a_circuits_0_temperature_levels_min',
      'state': '20',
    }),
    dict({
      'attributes': dict({
        'device_class': 'temperature',
        'friendly_name': 'Vitocal250A DHW Hysteresis',
        'icon': 'mdi:thermometer-lines',
        'max': 10.0,
        'min': 1.0,
        'mode': <NumberMode.BOX: 'box'>,
        'step': 0.5,
        'unit_of_measurement': <UnitOfTemperature.KELVIN: 'K'>,
        'viessmann_feature_name': 'heating.dhw.temperature.hysteresis',
      }),
      'entity_id': 'number.vitocal250a_dhw_hysteresis',
      'state': '5',
    }),
    dict({
      'attributes': dict({
        'device_class': 'temperature',
        'friendly_name': 'Vitocal250A DHW Hysteresis Switch Off',
        'icon': 'mdi:thermometer-minus',
        'max': 2.5,
        'min': 0.0,
        'mode': <NumberMode.BOX: 'box'>,
        'step': 0.5,
        'unit_of_measurement': <UnitOfTemperature.KELVIN: 'K'>,
        'viessmann_feature_name': 'heating.dhw.temperature.hysteresis.switchOffValue',
      }),
      'entity_id': 'number.vitocal250a_dhw_hysteresis_switch_off',
      'state': '0',
    }),
    dict({
      'attributes': dict({
        'device_class': 'temperature',
        'friendly_name': 'Vitocal250A DHW Hysteresis Switch On',
        'icon': 'mdi:thermometer-plus',
        'max': 10.0,
        'min': 1.0,
        'mode': <NumberMode.BOX: 'box'>,
        'step': 0.5,
        'unit_of_measurement': <UnitOfTemperature.KELVIN: 'K'>,
        'viessmann_feature_name': 'heating.dhw.temperature.hysteresis.switchOnValue',
      }),
      'entity_id': 'number.vitocal250a_dhw_hysteresis_switch_on',
      'state': '5',
    }),
    dict({
      'attributes': dict({
        'device_class': 'temperature',
        'friendly_name': 'Vitocal250A DHW Target Temperature',
        'icon': 'mdi:thermometer',
        'max': 60.0,
        'min': 10.0,
        'mode': <NumberMode.BOX: 'box'>,
        'step': 1.0,
        'unit_of_measurement': <UnitOfTemperature.CELSIUS: '°C'>,
        'viessmann_feature_name': 'heating.dhw.temperature.main',
      }),
      'entity_id': 'number.vitocal250a_dhw_target_temperature',
      'state': '55',
    }),
    dict({
      'attributes': dict({
        'device_class': 'temperature',
        'friendly_name': 'Vitocal250A Heating Circuit 0 Curve Shift',
        'icon': 'mdi:arrow-up-down',
        'max': 40.0,
        'min': -13.0,
        'mode': <NumberMode.BOX: 'box'>,
        'step': 1.0,
        'unit_of_measurement': <UnitOfTemperature.CELSIUS: '°C'>,
        'viessmann_feature_name': 'heating.circuits.0.heating.curve.shift',
      }),
      'entity_id': 'number.vitocal250a_heating_circuit_0_curve_shift',
      'state': '4',
    }),
    dict({
      'attributes': dict({
        'friendly_name': 'Vitocal250A Heating Circuit 0 Curve Slope',
        'icon': 'mdi:slope-uphill',
        'max': 3.5,
        'min': 0.2,
        'mode': <NumberMode.BOX: 'box'>,
        'step': 0.1,
        'viessmann_feature_name': 'heating.circuits.0.heating.curve.slope',
      }),
      'entity_id': 'number.vitocal250a_heating_circuit_0_curve_slope',
      'state': '0.6',
    }),
    dict({
      'attributes': dict({
        'friendly_name': 'Vitocal250A Circuits 0 Operating Modes Active',
        'options': list([
          'heating',
          'standby',
        ]),
      }),
      'entity_id': 'select.vitocal250a_circuits_0_operating_modes_active',
      'state': 'heating',
    }),
    dict({
      'attributes': dict({
        'friendly_name': 'Vitocal250A DHW Mode',
        'icon': 'mdi:water-boiler-auto',
        'options': list([
          'efficient',
          'efficientWithMinComfort',
          'off',
        ]),
      }),
      'entity_id': 'select.vitocal250a_dhw_mode',
      'state': 'efficient',
    }),
    dict({
      'attributes': dict({
        'friendly_name': 'Vitocal250A 4/3-Way Valve Position',
        'icon': 'mdi:valve',
        'viessmann_feature_name': 'heating.valves.fourThreeWay.position',
      }),
      'entity_id': 'sensor.vitocal250a_4_3_way_valve_position',
      'state': 'climatCircuitTwoDefrost',
    }),
    dict({
      'attributes': dict({
        'friendly_name': 'Vitocal250A Boiler Pumps Internal Current',
        'state_class': <SensorStateClass.MEASUREMENT: 'measurement'>,
        'unit_of_measurement': '%',
        'viessmann_feature_name': 'heating.boiler.pumps.internal.current',
      }),
      'entity_id': 'sensor.vitocal250a_boiler_pumps_internal_current',
      'state': '0',
    }),
    dict({
      'attributes': dict({
        'friendly_name': 'Vitocal250A Boiler Pumps Internal Target',
        'state_class': <SensorStateClass.MEASUREMENT: 'measurement'>,
        'unit_of_measurement': '%',
        'viessmann_feature_name': 'heating.boiler.pumps.internal.target',
      }),
      'entity_id': 'sensor.vitocal250a_boiler_pumps_internal_target',
      'state': '0',
    }),
    dict({
      'attributes': dict({
        'device_class': 'temperature',
        'friendly_name': 'Vitocal250A Boiler Temperature Current',
        'state_class': <SensorStateClass.MEASUREMENT: 'measurement'>,
        'unit_of_measurement': <UnitOfTemperature.CELSIUS: '°C'>,
        'viessmann_feature_name': 'heating.boiler.temperature.current',
      }),
      'entity_id': 'sensor.vitocal250a_boiler_temperature_current',
      'state': '0',
    }),
    dict({
      'attributes': dict({
        'device_class': 'temperature',
        'friendly_name': 'Vitocal250A Buffer Cylinder Temperature',
        'state_class': <SensorStateClass.MEASUREMENT: 'measurement'>,
        'unit_of_measurement': <UnitOfTemperature.CELSIUS: '°C'>,
        'viessmann_feature_name': 'heating.bufferCylinder.sensors.temperature.main',
      }),
      'entity_id': 'sensor.vitocal250a_buffer_cylinder_temperature',
      'state': '29.9',
    }),
    dict({
      'attributes': dict({
        'device_class': 'temperature',
        'friendly_name': 'Vitocal250A Buffer Sensors Temperature Main',
        'state_class': <SensorStateClass.MEASUREMENT: 'measurement'>,
        'unit_of_measurement': <UnitOfTemperature.CELSIUS: '°C'>,
        'viessmann_feature_name': 'heating.buffer.sensors.temperature.main',
      }),
      'entity_id': 'sensor.vitocal250a_buffer_sensors_temperature_main',
      'state': '29.9',
    }),
    dict({
      'attributes': dict({
        'device_class': 'temperature',
        'friendly_name': 'Vitocal250A Circuits 0 Configuration Summereco Absolute Threshold',
        'state_class': <SensorStateClass.MEASUREMENT: 'measurement'>,
        'unit_of_measurement': <UnitOfTemperature.CELSIUS: '°C'>,
        'viessmann_feature_name': 'heating.circuits.0.configuration.summerEco.absolute.threshold',
      }),
      'entity_id': 'sensor.vitocal250a_circuits_0_configuration_summereco_absolute_threshold',
      'state': '15',
    }),
    dict({
      'attributes': dict({
        'device_class': 'temperature',
        'friendly_name': 'Vitocal250A Circuits 0 Temperature',
        'state_class': <SensorStateClass.MEASUREMENT: 'measurement'>,
        'unit_of_measurement': <UnitOfTemperature.CELSIUS: '°C'>,
        'viessmann_feature_name': 'heating.circuits.0.temperature',
      }),
      'entity_id': 'sensor.vitocal250a_circuits_0_temperature',
      'state': '30',
    }),
    dict({
      'attributes': dict({
        'device_class': 'temperature',
        'friendly_name': 'Vitocal250A Common Supply Temperature',
        'state_class': <SensorStateClass.MEASUREMENT: 'measurement'>,
        'unit_of_measurement': <UnitOfTemperature.CELSIUS: '°C'>,
        'viessmann_feature_name': 'heating.boiler.sensors.temperature.commonSupply',
      }),
      'entity_id': 'sensor.vitocal250a_common_supply_temperature',
      'state': '33.1',
    }),
    dict({
      'attributes': dict({
        'device_class': 'duration',
        'friendly_name': 'Vitocal250A Compressor 0 Hours',
        'icon': 'mdi:counter',
        'state_class': <SensorStateClass.TOTAL_INCREASING: 'total_increasing'>,
        'unit_of_measurement': 'h',
        'viessmann_feature_name': 'heating.compressors.0.statistics.hours',
      }),
      'entity_id': 'sensor.vitocal250a_compressor_0_hours',
      'state': '8118',
    }),
    dict({
      'attributes': dict({
        'device_class': 'pressure',
        'friendly_name': 'Vitocal250A Compressor 0 Inlet Pressure',
        'icon': 'mdi:gauge',
        'state_class': <SensorStateClass.MEASUREMENT: 'measurement'>,
        'unit_of_measurement': <UnitOfPressure.BAR: 'bar'>,
        'viessmann_feature_name': 'heating.compressors.0.sensors.pressure.inlet',
      }),
      'entity_id': 'sensor.vitocal250a_compressor_0_inlet_pressure',
      'state': '6.66',
    }),
    dict({
      'attributes': dict({
        'device_class': 'temperature',
        'friendly_name': 'Vitocal250A Compressor 0 Inlet Temperature',
        'state_class': <SensorStateClass.MEASUREMENT: 'measurement'>,
        'unit_of_measurement': <UnitOfTemperature.CELSIUS: '°C'>,
        'viessmann_feature_name': 'heating.compressors.0.sensors.temperature.inlet',
      }),
      'entity_id': 'sensor.vitocal250a_compressor_0_inlet_temperature',
      'state': '20.9',
    }),
    dict({
      'attributes': dict({
        'device_class': 'temperature',
        'friendly_name': 'Vitocal250A Compressor 0 Motor Temperature',
        'state_class': <SensorStateClass.MEASUREMENT: 'measurement'>,
        'unit_of_measurement': <UnitOfTemperature.CELSIUS: '°C'>,
        'viessmann_feature_name': 'heating.compressors.0.sensors.temperature.motorChamber',
      }),
      'entity_id': 'sensor.vitocal250a_compressor_0_motor_temperature',
      'state': '24.2',
    }),
    dict({
      'attributes': dict({
        'device_class': 'temperature',
        'friendly_name': 'Vitocal250A Compressor 0 Oil Temperature',
        'state_class': <SensorStateClass.MEASUREMENT: 'measurement'>,
        'unit_of_measurement': <UnitOfTemperature.CELSIUS: '°C'>,
        'viessmann_feature_name': 'heating.compressors.0.sensors.temperature.oil',
      }),
      'entity_id': 'sensor.vitocal250a_compressor_0_oil_temperature',
      'state': '41.3',
    }),
    dict({
      'attributes': dict({
        'device_class': 'temperature',
        'friendly_name': 'Vitocal250A Compressor 0 Outlet Temperature',
        'state_class': <SensorStateClass.MEASUREMENT: 'measurement'>,
        'unit_of_measurement': <UnitOfTemperature.CELSIUS: '°C'>,
        'viessmann_feature_name': 'heating.compressors.0.sensors.temperature.outlet',
      }),
      'entity_id': 'sensor.vitocal250a_compressor_0_outlet_temperature',
      'state': '25.3',
    }),
    dict({
      'attributes': dict({
        'friendly_name': 'Vitocal250A Compressor 0 Phase',
        'icon': 'mdi:state-machine',
        'viessmann_feature_name': 'heating.compressors.0.phase',
      }),
      'entity_id': 'sensor.vitocal250a_compressor_0_phase',
      'state': 'ready',
    }),
    dict({
      'attributes': dict({
        'friendly_name': 'Vitocal250A Compressor 0 Speed',
        'icon': 'mdi:fan',
        'state_class': <SensorStateClass.MEASUREMENT: 'measurement'>,
        'unit_of_measurement': 'rps',
        'viessmann_feature_name': 'heating.compressors.0.speed.current',
      }),
      'entity_id': 'sensor.vitocal250a_compressor_0_speed',
      'state': '0',
    }),
    dict({
      'attributes': dict({
        'friendly_name': 'Vitocal250A Compressor 0 Starts',
        'icon': 'mdi:counter',
        'state_class': <SensorStateClass.TOTAL_INCREASING: 'total_increasing'>,
        'viessmann_feature_name': 'heating.compressors.0.statistics.starts',
      }),
      'entity_id': 'sensor.vitocal250a_compressor_0_starts',
      'state': '1502',
    }),
    dict({
      'attributes': dict({
        'friendly_name': 'Vitocal250A Compressors Enabled',
        'raw_value': list([
          '0',
        ]),
        'viessmann_feature_name': 'heating.compressors.enabled',
      }),
      'entity_id': 'sensor.vitocal250a_compressors_enabled',
      'state': '1',
    }),
    dict({
      'attributes': dict({
        'device_class': 'temperature',
        'friendly_name': 'Vitocal250A Condensor 0 Liquid Temperature',
        'icon': 'mdi:thermometer',
        'state_class': <SensorStateClass.MEASUREMENT: 'measurement'>,
        'unit_of_measurement': <UnitOfTemperature.CELSIUS: '°C'>,
        'viessmann_feature_name': 'heating.condensors.0.sensors.temperature.liquid',
      }),
      'entity_id': 'sensor.vitocal250a_condensor_0_liquid_temperature',
      'state': '25.9',
    }),
    dict({
      'attributes': dict({
        'friendly_name': 'Vitocal250A Configuration Houselocation Altitude',
        'state_class': <SensorStateClass.MEASUREMENT: 'measurement'>,
        'viessmann_feature_name': 'heating.configuration.houseLocation.altitude',
      }),
      'entity_id': 'sensor.vitocal250a_configuration_houselocation_altitude',
      'state': '0',
    }),
    dict({
      'attributes': dict({
        'friendly_name': 'Vitocal250A Configuration Internalpumpone Defaultlimit',
        'state_class': <SensorStateClass.MEASUREMENT: 'measurement'>,
        'unit_of_measurement': '%',
        'viessmann_feature_name': 'heating.configuration.internalPumpOne.defaultLimit',
      }),
      'entity_id': 'sensor.vitocal250a_configuration_internalpumpone_defaultlimit',
      'state': '90',
    }),
    dict({
      'attributes': dict({
        'friendly_name': 'Vitocal250A Configuration Internalpumpone Maximumlimit',
        'state_class': <SensorStateClass.MEASUREMENT: 'measurement'>,
        'unit_of_measurement': '%',
        'viessmann_feature_name': 'heating.configuration.internalPumpOne.maximumLimit',
      }),
      'entity_id': 'sensor.vitocal250a_configuration_internalpumpone_maximumlimit',
      'state': '100',
    }),
    dict({
      'attributes': dict({
        'friendly_name': 'Vitocal250A Configuration Internalpumpone Minimumlimit',
        'state_class': <SensorStateClass.MEASUREMENT: 'measurement'>,
        'unit_of_measurement': '%',
        'viessmann_feature_name': 'heating.configuration.internalPumpOne.minimumLimit',
      }),
      'entity_id': 'sensor.vitocal250a_configuration_internalpumpone_minimumlimit',
      'state': '20',
    }),
    dict({
      'attributes': dict({
        'friendly_name': 'Vitocal250A Configuration Internalpumps Defaultlimit',
        'state_class': <SensorStateClass.MEASUREMENT: 'measurement'>,
        'unit_of_measurement': '%',
        'viessmann_feature_name': 'heating.configuration.internalPumps.defaultLimit',
      }),
      'entity_id': 'sensor.vitocal250a_configuration_internalpumps_defaultlimit',
      'state': '95',
    }),
    dict({
      'attributes': dict({
        'friendly_name': 'Vitocal250A Configuration Internalpumps Maximumlimit',
        'state_class': <SensorStateClass.MEASUREMENT: 'measurement'>,
        'unit_of_measurement': '%',
        'viessmann_feature_name': 'heating.configuration.internalPumps.maximumLimit',
      }),
      'entity_id': 'sensor.vitocal250a_configuration_internalpumps_maximumlimit',
      'state': '100',
    }),
    dict({
      'attributes': dict({
        'friendly_name': 'Vitocal250A Configuration Internalpumps Minimumlimit',
        'state_class': <SensorStateClass.MEASUREMENT: 'measurement'>,
        'unit_of_measurement': '%',
        'viessmann_feature_name': 'heating.configuration.internalPumps.minimumLimit',
      }),
      'entity_id': 'sensor.vitocal250a_configuration_internalpumps_minimumlimit',
      'state': '20',
    }),
    dict({
      'attributes': dict({
        'friendly_name': 'Vitocal250A Configuration Internalpumptwo Defaultlimit',
        'state_class': <SensorStateClass.MEASUREMENT: 'measurement'>,
        'unit_of_measurement': '%',
        'viessmann_feature_name': 'heating.configuration.internalPumpTwo.defaultLimit',
      }),
      'entity_id': 'sensor.vitocal250a_configuration_internalpumptwo_defaultlimit',
      'state': '90',
    }),
    dict({
      'attributes': dict({
        'friendly_name': 'Vitocal250A Configuration Internalpumptwo Maximumlimit',
        'state_class': <SensorStateClass.MEASUREMENT: 'measurement'>,
        'unit_of_measurement': '%',
        'viessmann_feature_name': 'heating.configuration.internalPumpTwo.maximumLimit',
      }),
      'entity_id': 'sensor.vitocal250a_configuration_internalpumptwo_maximumlimit',
      'state': '100',
    }),
    dict({
      'attributes': dict({
        'friendly_name': 'Vitocal250A Configuration Internalpumptwo Minimumlimit',
        'state_class': <SensorStateClass.MEASUREMENT: 'measurement'>,
        'unit_of_measurement': '%',
        'viessmann_feature_name': 'heating.configuration.internalPumpTwo.minimumLimit',
      }),
      'entity_id': 'sensor.vitocal250a_configuration_internalpumptwo_minimumlimit',
      'state': '20',
    }),
    dict({
      'attributes': dict({
        'friendly_name': 'Vitocal250A Configuration Temperature Outside Dampingfactor',
        'state_class': <SensorStateClass.MEASUREMENT: 'measurement'>,
        'viessmann_feature_name': 'heating.configuration.temperature.outside.DampingFactor',
      }),
      'entity_id': 'sensor.vitocal250a_configuration_temperature_outside_dampingfactor',
      'state': '10',
    }),
    dict({
      'attributes': dict({
        'friendly_name': 'Vitocal250A Device Variant',
        'viessmann_feature_name': 'heating.device.variant',
      }),
      'entity_id': 'sensor.vitocal250a_device_variant',
      'state': 'Vitocal250A',
    }),
    dict({
      'attributes': dict({
        'device_class': 'temperature',
        'friendly_name': 'Vitocal250A Dhw Sensors Temperature Dhwcylinder',
        'state_class': <SensorStateClass.MEASUREMENT: 'measurement'>,
        'unit_of_measurement': <UnitOfTemperature.CELSIUS: '°C'>,
        'viessmann_feature_name': 'heating.dhw.sensors.temperature.dhwCylinder',
      }),
      'entity_id': 'sensor.vitocal250a_dhw_sensors_temperature_dhwcylinder',
      'state': '46.8',
    }),
    dict({
      'attributes': dict({
        'device_class': 'temperature',
        'friendly_name': 'Vitocal250A Dhw Temperature Levels Default',
        'state_class': <SensorStateClass.MEASUREMENT: 'measurement'>,
        'unit_of_measurement': <UnitOfTemperature.CELSIUS: '°C'>,
        'viessmann_feature_name': 'heating.dhw.temperature.levels.default',
      }),
      'entity_id': 'sensor.vitocal250a_dhw_temperature_levels_default',
      'state': '50',
    }),
    dict({
      'attributes': dict({
        'device_class': 'temperature',
        'friendly_name': 'Vitocal250A Dhw Temperature Levels Max',
        'state_class': <SensorStateClass.MEASUREMENT: 'measurement'>,
        'unit_of_measurement': <UnitOfTemperature.CELSIUS: '°C'>,
        'viessmann_feature_name': 'heating.dhw.temperature.levels.max',
      }),
      'entity_id': 'sensor.vitocal250a_dhw_temperature_levels_max',
      'state': '10',
    }),
    dict({
      'attributes': dict({
        'device_class': 'temperature',
        'friendly_name': 'Vitocal250A Dhw Temperature Levels Min',
        'state_class': <SensorStateClass.MEASUREMENT: 'measurement'>,
        'unit_of_measurement': <UnitOfTemperature.CELSIUS: '°C'>,
        'viessmann_feature_name': 'heating.dhw.temperature.levels.min',
      }),
      'entity_id': 'sensor.vitocal250a_dhw_temperature_levels_min',
      'state': '10',
    }),
    dict({
      'attributes': dict({
        'device_class': 'temperature',
        'friendly_name': 'Vitocal250A Economizer 0 Liquid Temperature',
        'state_class': <SensorStateClass.MEASUREMENT: 'measurement'>,
        'unit_of_measurement': <UnitOfTemperature.CELSIUS: '°C'>,
        'viessmann_feature_name': 'heating.economizers.0.sensors.temperature.liquid',
      }),
      'entity_id': 'sensor.vitocal250a_economizer_0_liquid_temperature',
      'state': '24.1',
    }),
    dict({
      'attributes': dict({
        'device_class': 'temperature',
        'friendly_name': 'Vitocal250A Evaporator 0 Liquid Temperature',
        'state_class': <SensorStateClass.MEASUREMENT: 'measurement'>,
        'unit_of_measurement': <UnitOfTemperature.CELSIUS: '°C'>,
        'viessmann_feature_name': 'heating.evaporators.0.sensors.temperature.liquid',
      }),
      'entity_id': 'sensor.vitocal250a_evaporator_0_liquid_temperature',
      'state': '13.9',
    }),
    dict({
      'attributes': dict({
        'device_class': 'temperature',
        'friendly_name': 'Vitocal250A Evaporator 0 Overheat Temperature',
        'icon': 'mdi:thermometer',
        'state_class': <SensorStateClass.MEASUREMENT: 'measurement'>,
        'unit_of_measurement': <UnitOfTemperature.CELSIUS: '°C'>,
        'viessmann_feature_name': 'heating.evaporators.0.sensors.temperature.overheat',
      }),
      'entity_id': 'sensor.vitocal250a_evaporator_0_overheat_temperature',
      'state': '20',
    }),
    dict({
      'attributes': dict({
        'friendly_name': 'Vitocal250A Fan 0 Speed',
        'icon': 'mdi:fan',
        'state_class': <SensorStateClass.MEASUREMENT: 'measurement'>,
        'unit_of_measurement': '%',
        'viessmann_feature_name': 'heating.primaryCircuit.fans.0.current',
      }),
      'entity_id': 'sensor.vitocal250a_fan_0_speed',
      'state': '0',
    }),
    dict({
      'attributes': dict({
        'friendly_name': 'Vitocal250A Fan 1 Speed',
        'icon': 'mdi:fan',
        'state_class': <SensorStateClass.MEASUREMENT: 'measurement'>,
        'unit_of_measurement': '%',
        'viessmann_feature_name': 'heating.primaryCircuit.fans.1.current',
      }),
      'entity_id': 'sensor.vitocal250a_fan_1_speed',
      'state': '0',
    }),
    dict({
      'attributes': dict({
        'device_class': 'energy',
        'friendly_name': 'Vitocal250A Heat Production Summary Cooling Currentday',
        'state_class': <SensorStateClass.TOTAL_INCREASING: 'total_increasing'>,
        'unit_of_measurement': <UnitOfEnergy.KILO_WATT_HOUR: 'kWh'>,
        'viessmann_feature_name': 'heating.heat.production.summary.cooling.currentDay',
      }),
      'entity_id': 'sensor.vitocal250a_heat_production_summary_cooling_currentday',
      'state': '0',
    }),
    dict({
      'attributes': dict({
        'device_class': 'energy',
        'friendly_name': 'Vitocal250A Heat Production Summary Cooling Currentmonth',
        'state_class': <SensorStateClass.TOTAL_INCREASING: 'total_increasing'>,
        'unit_of_measurement': <UnitOfEnergy.KILO_WATT_HOUR: 'kWh'>,
        'viessmann_feature_name': 'heating.heat.production.summary.cooling.currentMonth',
      }),
      'entity_id': 'sensor.vitocal250a_heat_production_summary_cooling_currentmonth',
      'state': '0',
    }),
    dict({
      'attributes': dict({
        'device_class': 'energy',
        'friendly_name': 'Vitocal250A Heat Production Summary Cooling Currentyear',
        'state_class': <SensorStateClass.TOTAL_INCREASING: 'total_increasing'>,
        'unit_of_measurement': <UnitOfEnergy.KILO_WATT_HOUR: 'kWh'>,
        'viessmann_feature_name': 'heating.heat.production.summary.cooling.currentYear',
      }),
      'entity_id': 'sensor.vitocal250a_heat_production_summary_cooling_currentyear',
      'state': '0',
    }),
    dict({
      'attributes': dict({
        'device_class': 'energy',
        'friendly_name': 'Vitocal250A Heat Production Summary Cooling Lastmonth',
        'state_class': <SensorStateClass.TOTAL_INCREASING: 'total_increasing'>,
        'unit_of_measurement': <UnitOfEnergy.KILO_WATT_HOUR: 'kWh'>,
        'viessmann_feature_name': 'heating.heat.production.summary.cooling.lastMonth',
      }),
      'entity_id': 'sensor.vitocal250a_heat_production_summary_cooling_lastmonth',
      'state': '0',
    }),
    dict({
      'attributes': dict({
        'device_class': 'energy',
        'friendly_name': 'Vitocal250A Heat Production Summary Cooling Lastsevendays',
        'state_class': <SensorStateClass.TOTAL_INCREASING: 'total_increasing'>,
        'unit_of_measurement': <UnitOfEnergy.KILO_WATT_HOUR: 'kWh'>,
        'viessmann_feature_name': 'heating.heat.production.summary.cooling.lastSevenDays',
      }),
      'entity_id': 'sensor.vitocal250a_heat_production_summary_cooling_lastsevendays',
      'state': '0',
    }),
    dict({
      'attributes': dict({
        'device_class': 'energy',
        'friendly_name': 'Vitocal250A Heat Production Summary Cooling Lastyear',
        'state_class': <SensorStateClass.TOTAL_INCREASING: 'total_increasing'>,
        'unit_of_measurement': <UnitOfEnergy.KILO_WATT_HOUR: 'kWh'>,
        'viessmann_feature_name': 'heating.heat.production.summary.cooling.lastYear',
      }),
      'entity_id': 'sensor.vitocal250a_heat_production_summary_cooling_lastyear',
      'state': '0',
    }),
    dict({
      'attributes': dict({
        'device_class': 'energy',
        'friendly_name': 'Vitocal250A Heat Production Summary Dhw Currentmonth',
        'state_class': <SensorStateClass.TOTAL_INCREASING: 'total_increasing'>,
        'unit_of_measurement': <UnitOfEnergy.KILO_WATT_HOUR: 'kWh'>,
        'viessmann_feature_name': 'heating.heat.production.summary.dhw.currentMonth',
      }),
      'entity_id': 'sensor.vitocal250a_heat_production_summary_dhw_currentmonth',
      'state': '61.8',
    }),
    dict({
      'attributes': dict({
        'device_class': 'energy',
        'friendly_name': 'Vitocal250A Heat Production Summary Dhw Currentyear',
        'state_class': <SensorStateClass.TOTAL_INCREASING: 'total_increasing'>,
        'unit_of_measurement': <UnitOfEnergy.KILO_WATT_HOUR: 'kWh'>,
        'viessmann_feature_name': 'heating.heat.production.summary.dhw.currentYear',
      }),
      'entity_id': 'sensor.vitocal250a_heat_production_summary_dhw_currentyear',
      'state': '3382.9',
    }),
    dict({
      'attributes': dict({
        'device_class': 'energy',
        'friendly_name': 'Vitocal250A Heat Production Summary Dhw Lastmonth',
        'state_class': <SensorStateClass.TOTAL_INCREASING: 'total_increasing'>,
        'unit_of_measurement': <UnitOfEnergy.KILO_WATT_HOUR: 'kWh'>,
        'viessmann_feature_name': 'heating.heat.production.summary.dhw.lastMonth',
      }),
      'entity_id': 'sensor.vitocal250a_heat_production_summary_dhw_lastmonth',
      'state': '389.9',
    }),
    dict({
      'attributes': dict({
        'device_class': 'energy',
        'friendly_name': 'Vitocal250A Heat Production Summary Dhw Lastsevendays',
        'state_class': <SensorStateClass.TOTAL_INCREASING: 'total_increasing'>,
        'unit_of_measurement': <UnitOfEnergy.KILO_WATT_HOUR: 'kWh'>,
        'viessmann_feature_name': 'heating.heat.production.summary.dhw.lastSevenDays',
      }),
      'entity_id': 'sensor.vitocal250a_heat_production_summary_dhw_lastsevendays',
      'state': '96.7',
    }),
    dict({
      'attributes': dict({
        'device_class': 'energy',
        'friendly_name': 'Vitocal250A Heat Production Summary Dhw Lastyear',
        'state_class': <SensorStateClass.TOTAL_INCREASING: 'total_increasing'>,
        'unit_of_measurement': <UnitOfEnergy.KILO_WATT_HOUR: 'kWh'>,
        'viessmann_feature_name': 'heating.heat.production.summary.dhw.lastYear',
      }),
      'entity_id': 'sensor.vitocal250a_heat_production_summary_dhw_lastyear',
      'state': '5903.8',
    }),
    dict({
      'attributes': dict({
        'device_class': 'energy',
        'friendly_name': 'Vitocal250A Heat Production Summary Heating Currentmonth',
        'state_class': <SensorStateClass.TOTAL_INCREASING: 'total_increasing'>,
        'unit_of_measurement': <UnitOfEnergy.KILO_WATT_HOUR: 'kWh'>,
        'viessmann_feature_name': 'heating.heat.production.summary.heating.currentMonth',
      }),
      'entity_id': 'sensor.vitocal250a_heat_production_summary_heating_currentmonth',
      'state': '164.3',
    }),
    dict({
      'attributes': dict({
        'device_class': 'energy',
        'friendly_name': 'Vitocal250A Heat Production Summary Heating Currentyear',
        'state_class': <SensorStateClass.TOTAL_INCREASING: 'total_increasing'>,
        'unit_of_measurement': <UnitOfEnergy.KILO_WATT_HOUR: 'kWh'>,
        'viessmann_feature_name': 'heating.heat.production.summary.heating.currentYear',
      }),
      'entity_id': 'sensor.vitocal250a_heat_production_summary_heating_currentyear',
      'state': '10024.2',
    }),
    dict({
      'attributes': dict({
        'device_class': 'energy',
        'friendly_name': 'Vitocal250A Heat Production Summary Heating Lastmonth',
        'state_class': <SensorStateClass.TOTAL_INCREASING: 'total_increasing'>,
        'unit_of_measurement': <UnitOfEnergy.KILO_WATT_HOUR: 'kWh'>,
        'viessmann_feature_name': 'heating.heat.production.summary.heating.lastMonth',
      }),
      'entity_id': 'sensor.vitocal250a_heat_production_summary_heating_lastmonth',
      'state': '183.1',
    }),
    dict({
      'attributes': dict({
        'device_class': 'energy',
        'friendly_name': 'Vitocal250A Heat Production Summary Heating Lastsevendays',
        'state_class': <SensorStateClass.TOTAL_INCREASING: 'total_increasing'>,
        'unit_of_measurement': <UnitOfEnergy.KILO_WATT_HOUR: 'kWh'>,
        'viessmann_feature_name': 'heating.heat.production.summary.heating.lastSevenDays',
      }),
      'entity_id': 'sensor.vitocal250a_heat_production_summary_heating_lastsevendays',
      'state': '206.3',
    }),
    dict({
      'attributes': dict({
        'device_class': 'energy',
        'friendly_name': 'Vitocal250A Heat Production Summary Heating Lastyear',
        'state_class': <SensorStateClass.TOTAL_INCREASING: 'total_increasing'>,
        'unit_of_measurement': <UnitOfEnergy.KILO_WATT_HOUR: 'kWh'>,
        'viessmann_feature_name': 'heating.heat.production.summary.heating.lastYear',
      }),
      'entity_id': 'sensor.vitocal250a_heat_production_summary_heating_lastyear',
      'state': '15472.4',
    }),
    dict({
      'attributes': dict({
        'device_class': 'temperature',
        'friendly_name': 'Vitocal250A Heating Circuit 0 Supply Temperature',
        'state_class': <SensorStateClass.MEASUREMENT: 'measurement'>,
        'unit_of_measurement': <UnitOfTemperature.CELSIUS: '°C'>,
        'viessmann_feature_name': 'heating.circuits.0.sensors.temperature.supply',
      }),
      'entity_id': 'sensor.vitocal250a_heating_circuit_0_supply_temperature',
      'state': '29.8',
    }),
    dict({
      'attributes': dict({
        'device_class': 'duration',
        'friendly_name': 'Vitocal250A Heating Rod Hours',
        'icon': 'mdi:counter',
        'state_class': <SensorStateClass.TOTAL_INCREASING: 'total_increasing'>,
        'unit_of_measurement': 'h',
        'viessmann_feature_name': 'heating.heatingRod.statistics.hours',
      }),
      'entity_id': 'sensor.vitocal250a_heating_rod_hours',
      'state': '31',
    }),
    dict({
      'attributes': dict({
        'friendly_name': 'Vitocal250A Heating Rod Starts',
        'icon': 'mdi:counter',
        'state_class': <SensorStateClass.TOTAL_INCREASING: 'total_increasing'>,
        'viessmann_feature_name': 'heating.heatingRod.statistics.starts',
      }),
      'entity_id': 'sensor.vitocal250a_heating_rod_starts',
      'state': '314',
    }),
    dict({
      'attributes': dict({
        'device_class': 'energy',
        'friendly_name': 'Vitocal250A Heatingrod Power Consumption Summary Dhw Currentday',
        'state_class': <SensorStateClass.TOTAL_INCREASING: 'total_increasing'>,
        'unit_of_measurement': <UnitOfEnergy.KILO_WATT_HOUR: 'kWh'>,
        'viessmann_feature_name': 'heating.heatingRod.power.consumption.summary.dhw.currentDay',
      }),
      'entity_id': 'sensor.vitocal250a_heatingrod_power_consumption_summary_dhw_currentday',
      'state': '0',
    }),
    dict({
      'attributes': dict({
        'device_class': 'energy',
        'friendly_name': 'Vitocal250A Heatingrod Power Consumption Summary Dhw Currentmonth',
        'state_class': <SensorStateClass.TOTAL_INCREASING: 'total_increasing'>,
        'unit_of_measurement': <UnitOfEnergy.KILO_WATT_HOUR: 'kWh'>,
        'viessmann_feature_name': 'heating.heatingRod.power.consumption.summary.dhw.currentMonth',
      }),
      'entity_id': 'sensor.vitocal250a_heatingrod_power_consumption_summary_dhw_currentmonth',
      'state': '0',
    }),
    dict({
      'attributes': dict({
        'device_class': 'energy',
        'friendly_name': 'Vitocal250A Heatingrod Power Consumption Summary Dhw Currentyear',
        'state_class': <SensorStateClass.TOTAL_INCREASING: 'total_increasing'>,
        'unit_of_measurement': <UnitOfEnergy.KILO_WATT_HOUR: 'kWh'>,
        'viessmann_feature_name': 'heating.heatingRod.power.consumption.summary.dhw.currentYear',
      }),
      'entity_id': 'sensor.vitocal250a_heatingrod_power_consumption_summary_dhw_currentyear',
      'state': '3.3',
    }),
    dict({
      'attributes': dict({
        'device_class': 'energy',
        'friendly_name': 'Vitocal250A Heatingrod Power Consumption Summary Dhw Lastmonth',
        'state_class': <SensorStateClass.TOTAL_INCREASING: 'total_increasing'>,
        'unit_of_measurement': <UnitOfEnergy.KILO_WATT_HOUR: 'kWh'>,
        'viessmann_feature_name': 'heating.heatingRod.power.consumption.summary.dhw.lastMonth',
      }),
      'entity_id': 'sensor.vitocal250a_heatingrod_power_consumption_summary_dhw_lastmonth',
      'state': '0',
    }),
    dict({
      'attributes': dict({
        'device_class': 'energy',
        'friendly_name': 'Vitocal250A Heatingrod Power Consumption Summary Dhw Lastsevendays',
        'state_class': <SensorStateClass.TOTAL_INCREASING: 'total_increasing'>,
        'unit_of_measurement': <UnitOfEnergy.KILO_WATT_HOUR: 'kWh'>,
        'viessmann_feature_name': 'heating.heatingRod.power.consumption.summary.dhw.lastSevenDays',
      }),
      'entity_id': 'sensor.vitocal250a_heatingrod_power_consumption_summary_dhw_lastsevendays',
      'state': '0',
    }),
    dict({
      'attributes': dict({
        'device_class': 'energy',
        'friendly_name': 'Vitocal250A Heatingrod Power Consumption Summary Dhw Lastyear',
        'state_class': <SensorStateClass.TOTAL_INCREASING: 'total_increasing'>,
        'unit_of_measurement': <UnitOfEnergy.KILO_WATT_HOUR: 'kWh'>,
        'viessmann_feature_name': 'heating.heatingRod.power.consumption.summary.dhw.lastYear',
      }),
      'entity_id': 'sensor.vitocal250a_heatingrod_power_consumption_summary_dhw_lastyear',
      'state': '28',
    }),
    dict({
      'attributes': dict({
        'device_class': 'energy',
        'friendly_name': 'Vitocal250A Heatingrod Power Consumption Summary Heating Currentday',
        'state_class': <SensorStateClass.TOTAL_INCREASING: 'total_increasing'>,
        'unit_of_measurement': <UnitOfEnergy.KILO_WATT_HOUR: 'kWh'>,
        'viessmann_feature_name': 'heating.heatingRod.power.consumption.summary.heating.currentDay',
      }),
      'entity_id': 'sensor.vitocal250a_heatingrod_power_consumption_summary_heating_currentday',
      'state': '0',
    }),
    dict({
      'attributes': dict({
        'device_class': 'energy',
        'friendly_name': 'Vitocal250A Heatingrod Power Consumption Summary Heating Currentmonth',
        'state_class': <SensorStateClass.TOTAL_INCREASING: 'total_increasing'>,
        'unit_of_measurement': <UnitOfEnergy.KILO_WATT_HOUR: 'kWh'>,
        'viessmann_feature_name': 'heating.heatingRod.power.consumption.summary.heating.currentMonth',
      }),
      'entity_id': 'sensor.vitocal250a_heatingrod_power_consumption_summary_heating_currentmonth',
      'state': '0',
    }),
    dict({
      'attributes': dict({
        'device_class': 'energy',
        'friendly_name': 'Vitocal250A Heatingrod Power Consumption Summary Heating Currentyear',
        'state_class': <SensorStateClass.TOTAL_INCREASING: 'total_increasing'>,
        'unit_of_measurement': <UnitOfEnergy.KILO_WATT_HOUR: 'kWh'>,
        'viessmann_feature_name': 'heating.heatingRod.power.consumption.summary.heating.currentYear',
      }),
      'entity_id': 'sensor.vitocal250a_heatingrod_power_consumption_summary_heating_currentyear',
      'state': '29.5',
    }),
    dict({
      'attributes': dict({
        'device_class': 'energy',
        'friendly_name': 'Vitocal250A Heatingrod Power Consumption Summary Heating Lastmonth',
        'state_class': <SensorStateClass.TOTAL_INCREASING: 'total_increasing'>,
        'unit_of_measurement': <UnitOfEnergy.KILO_WATT_HOUR: 'kWh'>,
        'viessmann_feature_name': 'heating.heatingRod.power.consumption.summary.heating.lastMonth',
      }),
      'entity_id': 'sensor.vitocal250a_heatingrod_power_consumption_summary_heating_lastmonth',
      'state': '0',
    }),
    dict({
      'attributes': dict({
        'device_class': 'energy',
        'friendly_name': 'Vitocal250A Heatingrod Power Consumption Summary Heating Lastsevendays',
        'state_class': <SensorStateClass.TOTAL_INCREASING: 'total_increasing'>,
        'unit_of_measurement': <UnitOfEnergy.KILO_WATT_HOUR: 'kWh'>,
        'viessmann_feature_name': 'heating.heatingRod.power.consumption.summary.heating.lastSevenDays',
      }),
      'entity_id': 'sensor.vitocal250a_heatingrod_power_consumption_summary_heating_lastsevendays',
      'state': '0',
    }),
    dict({
      'attributes': dict({
        'device_class': 'energy',
        'friendly_name': 'Vitocal250A Heatingrod Power Consumption Summary Heating Lastyear',
        'state_class': <SensorStateClass.TOTAL_INCREASING: 'total_increasing'>,
        'unit_of_measurement': <UnitOfEnergy.KILO_WATT_HOUR: 'kWh'>,
        'viessmann_feature_name': 'heating.heatingRod.power.consumption.summary.heating.lastYear',
      }),
      'entity_id': 'sensor.vitocal250a_heatingrod_power_consumption_summary_heating_lastyear',
      'state': '53.6',
    }),
    dict({
      'attributes': dict({
        'device_class': 'temperature',
        'friendly_name': 'Vitocal250A Hot Water Temperature',
        'state_class': <SensorStateClass.MEASUREMENT: 'measurement'>,
        'unit_of_measurement': <UnitOfTemperature.CELSIUS: '°C'>,
        'viessmann_feature_name': 'heating.dhw.sensors.temperature.hotWaterStorage',
      }),
      'entity_id': 'sensor.vitocal250a_hot_water_temperature',
      'state': '46.8',
    }),
    dict({
      'attributes': dict({
        'device_class': 'power',
        'friendly_name': 'Vitocal250A Inverter 0 Power Output',
        'state_class': <SensorStateClass.MEASUREMENT: 'measurement'>,
        'unit_of_measurement': <UnitOfPower.WATT: 'W'>,
        'viessmann_feature_name': 'heating.inverters.0.sensors.power.output',
      }),
      'entity_id': 'sensor.vitocal250a_inverter_0_power_output',
      'state': '0',
    }),
    dict({
      'attributes': dict({
        'friendly_name': 'Vitocal250A Inverters 0 Sensors Power Current',
        'state_class': <SensorStateClass.MEASUREMENT: 'measurement'>,
        'viessmann_feature_name': 'heating.inverters.0.sensors.power.current',
      }),
      'entity_id': 'sensor.vitocal250a_inverters_0_sensors_power_current',
      'state': '0',
    }),
    dict({
      'attributes': dict({
        'device_class': 'temperature',
        'friendly_name': 'Vitocal250A Inverters 0 Sensors Temperature Powermodule',
        'state_class': <SensorStateClass.MEASUREMENT: 'measurement'>,
        'unit_of_measurement': <UnitOfTemperature.CELSIUS: '°C'>,
        'viessmann_feature_name': 'heating.inverters.0.sensors.temperature.powerModule',
      }),
      'entity_id': 'sensor.vitocal250a_inverters_0_sensors_temperature_powermodule',
      'state': '26.3',
    }),
    dict({
      'attributes': dict({
        'device_class': 'temperature',
        'friendly_name': 'Vitocal250A Outside Temperature',
        'state_class': <SensorStateClass.MEASUREMENT: 'measurement'>,
        'unit_of_measurement': <UnitOfTemperature.CELSIUS: '°C'>,
        'viessmann_feature_name': 'heating.sensors.temperature.outside',
      }),
      'entity_id': 'sensor.vitocal250a_outside_temperature',
      'state': '12.2',
    }),
    dict({
      'attributes': dict({
        'friendly_name': 'Vitocal250A Power Consumption Dhw',
        'raw_value': dict({
          'day': dict({
            'type': 'array',
            'unit': 'kilowattHour',
            'value': list([
              2.6,
              5.8,
              3.5,
              2.3,
              1.8,
              5.1,
              3.4,
              5.4,
            ]),
          }),
          'dayValueReadAt': dict({
            'type': 'string',
            'value': '2025-10-05T05:14:16.233Z',
          }),
          'month': dict({
            'type': 'array',
            'unit': 'kilowattHour',
            'value': list([
              16,
              89.7,
              28.1,
              41.7,
              31.5,
              54.9,
              76.3,
              144.2,
              178.4,
              214.3,
              210,
              178.7,
              128.4,
            ]),
          }),
          'monthValueReadAt': dict({
            'type': 'string',
            'value': '2025-10-05T05:14:16.233Z',
          }),
          'week': dict({
            'type': 'array',
            'unit': 'kilowattHour',
            'value': list([
              24.5,
              32.7,
              13.8,
              22.4,
              12.3,
            ]),
          }),
          'weekValueReadAt': dict({
            'type': 'string',
            'value': '2025-10-05T05:14:16.233Z',
          }),
          'year': dict({
            'type': 'array',
            'unit': 'kilowattHour',
            'value': list([
              875.0999999999999,
              1536.8,
            ]),
          }),
          'yearValueReadAt': dict({
            'type': 'string',
            'value': '2025-10-05T05:14:16.233Z',
          }),
        }),
        'viessmann_feature_name': 'heating.power.consumption.dhw',
      }),
      'entity_id': 'sensor.vitocal250a_power_consumption_dhw',
      'state': 'Complex Data',
    }),
    dict({
      'attributes': dict({
        'device_class': 'energy',
        'friendly_name': 'Vitocal250A Power Consumption DHW (Today)',
        'state_class': <SensorStateClass.TOTAL_INCREASING: 'total_increasing'>,
        'unit_of_measurement': <UnitOfEnergy.KILO_WATT_HOUR: 'kWh'>,
      }),
      'entity_id': 'sensor.vitocal250a_power_consumption_dhw_today',
      'state': '10.2',
    }),
    dict({
      'attributes': dict({
        'friendly_name': 'Vitocal250A Power Consumption Heating',
        'raw_value': dict({
          'day': dict({
            'type': 'array',
            'unit': 'kilowattHour',
            'value': list([
              4.6,
              6.8,
              7,
              6.1,
              7.8,
              4.3,
              2.8,
              4.6,
            ]),
          }),
          'dayValueReadAt': dict({
            'type': 'string',
            'value': '2025-10-05T05:14:16.246Z',
          }),
          'month': dict({
            'type': 'array',
            'unit': 'kilowattHour',
            'value': list([
              32.3,
              32.1,
              0,
              0,
              0,
              10.4,
              205.7,
              538.8,
              830.5,
              915.9,
              839.5,
              560.4000000000001,
              208.6,
            ]),
          }),
          'monthValueReadAt': dict({
            'type': 'string',
            'value': '2025-10-05T05:14:16.246Z',
          }),
          'week': dict({
            'type': 'array',
            'unit': 'kilowattHour',
            'value': list([
              39.39999999999999,
              22.7,
              0,
              0,
              2.3,
            ]),
          }),
          'weekValueReadAt': dict({
            'type': 'string',
            'value': '2025-10-05T05:14:16.246Z',
          }),
          'year': dict({
            'type': 'array',
            'unit': 'kilowattHour',
            'value': list([
              2565.7,
              3809.6,
            ]),
          }),
          'yearValueReadAt': dict({
            'type': 'string',
            'value': '2025-10-05T05:14:16.246Z',
          }),
        }),
        'viessmann_feature_name': 'heating.power.consumption.heating',
      }),
      'entity_id': 'sensor.vitocal250a_power_consumption_heating',
      'state': 'Complex Data',
    }),
    dict({
      'attributes': dict({
        'device_class': 'energy',
        'friendly_name': 'Vitocal250A Power Consumption Heating (Today)',
        'state_class': <SensorStateClass.TOTAL_INCREASING: 'total_increasing'>,
        'unit_of_measurement': <UnitOfEnergy.KILO_WATT_HOUR: 'kWh'>,
      }),
      'entity_id': 'sensor.vitocal250a_power_consumption_heating_today',
      'state': '31.6',
    }),
    dict({
      'attributes': dict({
        'device_class': 'energy',
        'friendly_name': 'Vitocal250A Power Consumption Summary Cooling Currentday',
        'state_class': <SensorStateClass.TOTAL_INCREASING: 'total_increasing'>,
        'unit_of_measurement': <UnitOfEnergy.KILO_WATT_HOUR: 'kWh'>,
        'viessmann_feature_name': 'heating.power.consumption.summary.cooling.currentDay',
      }),
      'entity_id': 'sensor.vitocal250a_power_consumption_summary_cooling_currentday',
      'state': '0',
    }),
    dict({
      'attributes': dict({
        'device_class': 'energy',
        'friendly_name': 'Vitocal250A Power Consumption Summary Cooling Currentmonth',
        'state_class': <SensorStateClass.TOTAL_INCREASING: 'total_increasing'>,
        'unit_of_measurement': <UnitOfEnergy.KILO_WATT_HOUR: 'kWh'>,
        'viessmann_feature_name': 'heating.power.consumption.summary.cooling.currentMonth',
      }),
      'entity_id': 'sensor.vitocal250a_power_consumption_summary_cooling_currentmonth',
      'state': '0',
    }),
    dict({
      'attributes': dict({
        'device_class': 'energy',
        'friendly_name': 'Vitocal250A Power Consumption Summary Cooling Currentyear',
        'state_class': <SensorStateClass.TOTAL_INCREASING: 'total_increasing'>,
        'unit_of_measurement': <UnitOfEnergy.KILO_WATT_HOUR: 'kWh'>,
        'viessmann_feature_name': 'heating.power.consumption.summary.cooling.currentYear',
      }),
      'entity_id': 'sensor.vitocal250a_power_consumption_summary_cooling_currentyear',
      'state': '0',
    }),
    dict({
      'attributes': dict({
        'device_class': 'energy',
        'friendly_name': 'Vitocal250A Power Consumption Summary Cooling Lastmonth',
        'state_class': <SensorStateClass.TOTAL_INCREASING: 'total_increasing'>,
        'unit_of_measurement': <UnitOfEnergy.KILO_WATT_HOUR: 'kWh'>,
        'viessmann_feature_name': 'heating.power.consumption.summary.cooling.lastMonth',
      }),
      'entity_id': 'sensor.vitocal250a_power_consumption_summary_cooling_lastmonth',
      'state': '0',
    }),
    dict({
      'attributes': dict({
        'device_class': 'energy',
        'friendly_name': 'Vitocal250A Power Consumption Summary Cooling Lastsevendays',
        'state_class': <SensorStateClass.TOTAL_INCREASING: 'total_increasing'>,
        'unit_of_measurement': <UnitOfEnergy.KILO_WATT_HOUR: 'kWh'>,
        'viessmann_feature_name': 'heating.power.consumption.summary.cooling.lastSevenDays',
      }),
      'entity_id': 'sensor.vitocal250a_power_consumption_summary_cooling_lastsevendays',
      'state': '0',
    }),
    dict({
      'attributes': dict({
        'device_class': 'energy',
        'friendly_name': 'Vitocal250A Power Consumption Summary Cooling Lastyear',
        'state_class': <SensorStateClass.TOTAL_INCREASING: 'total_increasing'>,
        'unit_of_measurement': <UnitOfEnergy.KILO_WATT_HOUR: 'kWh'>,
        'viessmann_feature_name': 'heating.power.consumption.summary.cooling.lastYear',
      }),
      'entity_id': 'sensor.vitocal250a_power_consumption_summary_cooling_lastyear',
      'state': '0',
    }),
    dict({
      'attributes': dict({
        'device_class': 'energy',
        'friendly_name': 'Vitocal250A Power Consumption Summary Dhw Currentday',
        'state_class': <SensorStateClass.TOTAL_INCREASING: 'total_increasing'>,
        'unit_of_measurement': <UnitOfEnergy.KILO_WATT_HOUR: 'kWh'>,
        'viessmann_feature_name': 'heating.power.consumption.summary.dhw.currentDay',
      }),
      'entity_id': 'sensor.vitocal250a_power_consumption_summary_dhw_currentday',
      'state': '2.6',
    }),
    dict({
      'attributes': dict({
        'device_class': 'energy',
        'friendly_name': 'Vitocal250A Power Consumption Summary Dhw Currentmonth',
        'state_class': <SensorStateClass.TOTAL_INCREASING: 'total_increasing'>,
        'unit_of_measurement': <UnitOfEnergy.KILO_WATT_HOUR: 'kWh'>,
        'viessmann_feature_name': 'heating.power.consumption.summary.dhw.currentMonth',
      }),
      'entity_id': 'sensor.vitocal250a_power_consumption_summary_dhw_currentmonth',
      'state': '16',
    }),
    dict({
      'attributes': dict({
        'device_class': 'energy',
        'friendly_name': 'Vitocal250A Power Consumption Summary Dhw Currentyear',
        'state_class': <SensorStateClass.TOTAL_INCREASING: 'total_increasing'>,
        'unit_of_measurement': <UnitOfEnergy.KILO_WATT_HOUR: 'kWh'>,
        'viessmann_feature_name': 'heating.power.consumption.summary.dhw.currentYear',
      }),
      'entity_id': 'sensor.vitocal250a_power_consumption_summary_dhw_currentyear',
      'state': '875.1',
    }),
    dict({
      'attributes': dict({
        'device_class': 'energy',
        'friendly_name': 'Vitocal250A Power Consumption Summary Dhw Lastmonth',
        'state_class': <SensorStateClass.TOTAL_INCREASING: 'total_increasing'>,
        'unit_of_measurement': <UnitOfEnergy.KILO_WATT_HOUR: 'kWh'>,
        'viessmann_feature_name': 'heating.power.consumption.summary.dhw.lastMonth',
      }),
      'entity_id': 'sensor.vitocal250a_power_consumption_summary_dhw_lastmonth',
      'state': '89.7',
    }),
    dict({
      'attributes': dict({
        'device_class': 'energy',
        'friendly_name': 'Vitocal250A Power Consumption Summary Dhw Lastsevendays',
        'state_class': <SensorStateClass.TOTAL_INCREASING: 'total_increasing'>,
        'unit_of_measurement': <UnitOfEnergy.KILO_WATT_HOUR: 'kWh'>,
        'viessmann_feature_name': 'heating.power.consumption.summary.dhw.lastSevenDays',
      }),
      'entity_id': 'sensor.vitocal250a_power_consumption_summary_dhw_lastsevendays',
      'state': '24.5',
    }),
    dict({
      'attributes': dict({
        'device_class': 'energy',
        'friendly_name': 'Vitocal250A Power Consumption Summary Dhw Lastyear',
        'state_class': <SensorStateClass.TOTAL_INCREASING: 'total_increasing'>,
        'unit_of_measurement': <UnitOfEnergy.KILO_WATT_HOUR: 'kWh'>,
        'viessmann_feature_name': 'heating.power.consumption.summary.dhw.lastYear',
      }),
      'entity_id': 'sensor.vitocal250a_power_consumption_summary_dhw_lastyear',
      'state': '1536.8',
    }),
    dict({
      'attributes': dict({
        'device_class': 'energy',
        'friendly_name': 'Vitocal250A Power Consumption Summary Heating Currentday',
        'state_class': <SensorStateClass.TOTAL_INCREASING: 'total_increasing'>,
        'unit_of_measurement': <UnitOfEnergy.KILO_WATT_HOUR: 'kWh'>,
        'viessmann_feature_name': 'heating.power.consumption.summary.heating.currentDay',
      }),
      'entity_id': 'sensor.vitocal250a_power_consumption_summary_heating_currentday',
      'state': '4.6',
    }),
    dict({
      'attributes': dict({
        'device_class': 'energy',
        'friendly_name': 'Vitocal250A Power Consumption Summary Heating Currentmonth',
        'state_class': <SensorStateClass.TOTAL_INCREASING: 'total_increasing'>,
        'unit_of_measurement': <UnitOfEnergy.KILO_WATT_HOUR: 'kWh'>,
        'viessmann_feature_name': 'heating.power.consumption.summary.heating.currentMonth',
      }),
      'entity_id': 'sensor.vitocal250a_power_consumption_summary_heating_currentmonth',
      'state': '32.3',
    }),
    dict({
      'attributes': dict({
        'device_class': 'energy',
        'friendly_name': 'Vitocal250A Power Consumption Summary Heating Currentyear',
        'state_class': <SensorStateClass.TOTAL_INCREASING: 'total_increasing'>,
        'unit_of_measurement': <UnitOfEnergy.KILO_WATT_HOUR: 'kWh'>,
        'viessmann_feature_name': 'heating.power.consumption.summary.heating.currentYear',
      }),
      'entity_id': 'sensor.vitocal250a_power_consumption_summary_heating_currentyear',
      'state': '2565.7',
    }),
    dict({
      'attributes': dict({
        'device_class': 'energy',
        'friendly_name': 'Vitocal250A Power Consumption Summary Heating Lastmonth',
        'state_class': <SensorStateClass.TOTAL_INCREASING: 'total_increasing'>,
        'unit_of_measurement': <UnitOfEnergy.KILO_WATT_HOUR: 'kWh'>,
        'viessmann_feature_name': 'heating.power.consumption.summary.heating.lastMonth',
      }),
      'entity_id': 'sensor.vitocal250a_power_consumption_summary_heating_lastmonth',
      'state': '32.1',
    }),
    dict({
      'attributes': dict({
        'device_class': 'energy',
        'friendly_name': 'Vitocal250A Power Consumption Summary Heating Lastsevendays',
        'state_class': <SensorStateClass.TOTAL_INCREASING: 'total_increasing'>,
        'unit_of_measurement': <UnitOfEnergy.KILO_WATT_HOUR: 'kWh'>,
        'viessmann_feature_name': 'heating.power.consumption.summary.heating.lastSevenDays',
      }),
      'entity_id': 'sensor.vitocal250a_power_consumption_summary_heating_lastsevendays',
      'state': '39.4',
    }),
    dict({
      'attributes': dict({
        'device_class': 'energy',
        'friendly_name': 'Vitocal250A Power Consumption Summary Heating Lastyear',
        'state_class': <SensorStateClass.TOTAL_INCREASING: 'total_increasing'>,
        'unit_of_measurement': <UnitOfEnergy.KILO_WATT_HOUR: 'kWh'>,
        'viessmann_feature_name': 'heating.power.consumption.summary.heating.lastYear',
      }),
      'entity_id': 'sensor.vitocal250a_power_consumption_summary_heating_lastyear',
      'state': '3809.6',
    }),
    dict({
      'attributes': dict({
        'friendly_name': 'Vitocal250A Power Consumption Total',
        'raw_value': dict({
          'day': dict({
            'type': 'array',
            'unit': 'kilowattHour',
            'value': list([
              7.199999999999999,
              12.6,
              10.5,
              8.399999999999999,
              9.6,
              9.399999999999999,
              6.199999999999999,
              10,
            ]),
          }),
          'dayValueReadAt': dict({
            'type': 'string',
            'value': '2025-10-05T05:14:16.233Z',
          }),
          'month': dict({
            'type': 'array',
            'unit': 'kilowattHour',
            'value': list([
              48.3,
              121.80000000000001,
              28.1,
              41.7,
              31.5,
              65.3,
              282,
              683,
              1008.9,
              1130.1999999999998,
              1049.5,
              739.1000000000001,
              337,
            ]),
          }),
          'monthValueReadAt': dict({
            'type': 'string',
            'value': '2025-10-05T05:14:16.233Z',
          }),
          'week': dict({
            'type': 'array',
            'unit': 'kilowattHour',
            'value': list([
              63.89999999999999,
              55.400000000000006,
              13.8,
              22.4,
              14.600000000000001,
            ]),
          }),
          'weekValueReadAt': dict({
            'type': 'string',
            'value': '2025-10-05T05:14:16.233Z',
          }),
          'year': dict({
            'type': 'array',
            'unit': 'kilowattHour',
            'value': list([
              3440.8,
              5346.400000000001,
            ]),
          }),
          'yearValueReadAt': dict({
            'type': 'string',
            'value': '2025-10-05T05:14:16.233Z',
          }),
        }),
        'viessmann_feature_name': 'heating.power.consumption.total',
      }),
      'entity_id': 'sensor.vitocal250a_power_consumption_total',
      'state': 'Complex Data',
    }),
    dict({
      'attributes': dict({
        'device_class': 'energy',
        'friendly_name': 'Vitocal250A Power Consumption Total (Today)',
        'state_class': <SensorStateClass.TOTAL_INCREASING: 'total_increasing'>,
        'unit_of_measurement': <UnitOfEnergy.KILO_WATT_HOUR: 'kWh'>,
      }),
      'entity_id': 'sensor.vitocal250a_power_consumption_total_today',
      'state': '41.8',
    }),
    dict({
      'attributes': dict({
        'device_class': 'temperature',
        'friendly_name': 'Vitocal250A Primary Circuit Supply Temperature',
        'state_class': <SensorStateClass.MEASUREMENT: 'measurement'>,
        'unit_of_measurement': <UnitOfTemperature.CELSIUS: '°C'>,
        'viessmann_feature_name': 'heating.primaryCircuit.sensors.temperature.supply',
      }),
      'entity_id': 'sensor.vitocal250a_primary_circuit_supply_temperature',
      'state': '13.9',
    }),
    dict({
      'attributes': dict({
        'friendly_name': 'Vitocal250A Primarycircuit Fans 0 Current Status',
        'viessmann_feature_name': 'heating.primaryCircuit.fans.0.current.status',
      }),
      'entity_id': 'sensor.vitocal250a_primarycircuit_fans_0_current_status',
      'state': 'connected',
    }),
    dict({
      'attributes': dict({
        'friendly_name': 'Vitocal250A Primarycircuit Fans 1 Current Status',
        'viessmann_feature_name': 'heating.primaryCircuit.fans.1.current.status',
      }),
      'entity_id': 'sensor.vitocal250a_primarycircuit_fans_1_current_status',
      'state': 'connected',
    }),
    dict({
      'attributes': dict({
        'device_class': 'energy',
        'friendly_name': 'Vitocal250A Produced Energy DHW (Today)',
        'state_class': <SensorStateClass.TOTAL_INCREASING: 'total_increasing'>,
        'unit_of_measurement': <UnitOfEnergy.KILO_WATT_HOUR: 'kWh'>,
        'viessmann_feature_name': 'heating.heat.production.summary.dhw.currentDay',
      }),
      'entity_id': 'sensor.vitocal250a_produced_energy_dhw_today',
      'state': '9.6',
    }),
    dict({
      'attributes': dict({
        'device_class': 'energy',
        'friendly_name': 'Vitocal250A Produced Energy Heating (Today)',
        'state_class': <SensorStateClass.TOTAL_INCREASING: 'total_increasing'>,
        'unit_of_measurement': <UnitOfEnergy.KILO_WATT_HOUR: 'kWh'>,
        'viessmann_feature_name': 'heating.heat.production.summary.heating.currentDay',
      }),
      'entity_id': 'sensor.vitocal250a_produced_energy_heating_today',
      'state': '22.8',
    }),
    dict({
      'attributes': dict({
        'device_class': 'temperature',
        'friendly_name': 'Vitocal250A Return Temperature',
        'state_class': <SensorStateClass.MEASUREMENT: 'measurement'>,
        'unit_of_measurement': <UnitOfTemperature.CELSIUS: '°C'>,
        'viessmann_feature_name': 'heating.sensors.temperature.return',
      }),
      'entity_id': 'sensor.vitocal250a_return_temperature',
      'state': '34.2',
    }),
    dict({
      'attributes': dict({
        'friendly_name': 'Vitocal250A SCOP DHW',
        'icon': 'mdi:chart-line',
        'state_class': <SensorStateClass.MEASUREMENT: 'measurement'>,
        'viessmann_feature_name': 'heating.scop.dhw',
      }),
      'entity_id': 'sensor.vitocal250a_scop_dhw',
      'state': '3.8',
    }),
    dict({
      'attributes': dict({
        'friendly_name': 'Vitocal250A SCOP Heating',
        'icon': 'mdi:chart-line',
        'state_class': <SensorStateClass.MEASUREMENT: 'measurement'>,
        'viessmann_feature_name': 'heating.scop.heating',
      }),
      'entity_id': 'sensor.vitocal250a_scop_heating',
      'state': '3.9',
    }),
    dict({
      'attributes': dict({
        'friendly_name': 'Vitocal250A SCOP Total',
        'icon': 'mdi:chart-line',
        'state_class': <SensorStateClass.MEASUREMENT: 'measurement'>,
        'viessmann_feature_name': 'heating.scop.total',
      }),
      'entity_id': 'sensor.vitocal250a_scop_total',
      'state': '3.9',
    }),
    dict({
      'attributes': dict({
        'device_class': 'temperature',
        'friendly_name': 'Vitocal250A Secondary Circuit Supply Temperature',
        'state_class': <SensorStateClass.MEASUREMENT: 'measurement'>,
        'unit_of_measurement': <UnitOfTemperature.CELSIUS: '°C'>,
        'viessmann_feature_name': 'heating.secondaryCircuit.sensors.temperature.supply',
      }),
      'entity_id': 'sensor.vitocal250a_secondary_circuit_supply_temperature',
      'state': '32.9',
    }),
    dict({
      'attributes': dict({
        'friendly_name': 'Vitocal250A Secondarycircuit Operation State Currentvalue',
        'viessmann_feature_name': 'heating.secondaryCircuit.operation.state.currentValue',
      }),
      'entity_id': 'sensor.vitocal250a_secondarycircuit_operation_state_currentvalue',
      'state': 'standby',
    }),
    dict({
      'attributes': dict({
        'friendly_name': 'Vitocal250A Secondarycircuit Operation State Targetvalue',
        'viessmann_feature_name': 'heating.secondaryCircuit.operation.state.targetValue',
      }),
      'entity_id': 'sensor.vitocal250a_secondarycircuit_operation_state_targetvalue',
      'state': 'standby',
    }),
    dict({
      'attributes': dict({
        'friendly_name': 'Vitocal250A Secondarycircuit Sensors Temperature Supply Status',
        'viessmann_feature_name': 'heating.secondaryCircuit.sensors.temperature.supply.status',
      }),
      'entity_id': 'sensor.vitocal250a_secondarycircuit_sensors_temperature_supply_status',
      'state': 'connected',
    }),
    dict({
      'attributes': dict({
        'device_class': 'temperature',
        'friendly_name': 'Vitocal250A Secondarycircuit Temperature Return Minimum',
        'state_class': <SensorStateClass.MEASUREMENT: 'measurement'>,
        'unit_of_measurement': <UnitOfTemperature.CELSIUS: '°C'>,
        'viessmann_feature_name': 'heating.secondaryCircuit.temperature.return.minimum',
      }),
      'entity_id': 'sensor.vitocal250a_secondarycircuit_temperature_return_minimum',
      'state': '5',
    }),
    dict({
      'attributes': dict({
        'friendly_name': 'Vitocal250A Secondarycircuit Valves Fourthreeway Current',
        'state_class': <SensorStateClass.MEASUREMENT: 'measurement'>,
        'unit_of_measurement': '%',
        'viessmann_feature_name': 'heating.secondaryCircuit.valves.fourThreeWay.current',
      }),
      'entity_id': 'sensor.vitocal250a_secondarycircuit_valves_fourthreeway_current',
      'state': '52',
    }),
    dict({
      'attributes': dict({
        'friendly_name': 'Vitocal250A Secondarycircuit Valves Fourthreeway Target',
        'state_class': <SensorStateClass.MEASUREMENT: 'measurement'>,
        'unit_of_measurement': '%',
        'viessmann_feature_name': 'heating.secondaryCircuit.valves.fourThreeWay.target',
      }),
      'entity_id': 'sensor.vitocal250a_secondarycircuit_valves_fourthreeway_target',
      'state': '50',
    }),
    dict({
      'attributes': dict({
        'friendly_name': 'Vitocal250A Secondaryheatgenerator Connectiontype',
        'viessmann_feature_name': 'heating.secondaryHeatGenerator.connectionType',
      }),
      'entity_id': 'sensor.vitocal250a_secondaryheatgenerator_connectiontype',
      'state': 'unknown',
    }),
    dict({
      'attributes': dict({
        'device_class': 'temperature',
        'friendly_name': 'Vitocal250A Sensors Temperature Allengra',
        'state_class': <SensorStateClass.MEASUREMENT: 'measurement'>,
        'unit_of_measurement': <UnitOfTemperature.CELSIUS: '°C'>,
        'viessmann_feature_name': 'heating.sensors.temperature.allengra',
      }),
      'entity_id': 'sensor.vitocal250a_sensors_temperature_allengra',
      'state': '33.8',
    }),
    dict({
      'attributes': dict({
        'friendly_name': 'Vitocal250A Spf Dhw',
        'state_class': <SensorStateClass.MEASUREMENT: 'measurement'>,
        'viessmann_feature_name': 'heating.spf.dhw',
      }),
      'entity_id': 'sensor.vitocal250a_spf_dhw',
      'state': '3.8',
    }),
    dict({
      'attributes': dict({
        'friendly_name': 'Vitocal250A Spf Heating',
        'state_class': <SensorStateClass.MEASUREMENT: 'measurement'>,
        'viessmann_feature_name': 'heating.spf.heating',
      }),
      'entity_id': 'sensor.vitocal250a_spf_heating',
      'state': '3.9',
    }),
    dict({
      'attributes': dict({
        'friendly_name': 'Vitocal250A Spf Total',
        'state_class': <SensorStateClass.MEASUREMENT: 'measurement'>,
        'viessmann_feature_name': 'heating.spf.total',
      }),
      'entity_id': 'sensor.vitocal250a_spf_total',
      'state': '3.9',
    }),
    dict({
      'attributes': dict({
        'device_class': 'pressure',
        'friendly_name': 'Vitocal250A Supply Pressure',
        'icon': 'mdi:gauge',
        'state_class': <SensorStateClass.MEASUREMENT: 'measurement'>,
        'unit_of_measurement': <UnitOfPressure.BAR: 'bar'>,
        'viessmann_feature_name': 'heating.sensors.pressure.supply',
      }),
      'entity_id': 'sensor.vitocal250a_supply_pressure',
      'state': '1.8',
    }),
    dict({
      'attributes': dict({
        'friendly_name': 'Vitocal250A Tcu Wifi Strength',
        'state_class': <SensorStateClass.MEASUREMENT: 'measurement'>,
        'viessmann_feature_name': 'tcu.wifi.strength',
      }),
      'entity_id': 'sensor.vitocal250a_tcu_wifi_strength',
      'state': '-30',
    }),
    dict({
      'attributes': dict({
        'device_class': 'volume_flow_rate',
        'friendly_name': 'Vitocal250A Volumetric Flow',
        'icon': 'mdi:gauge',
        'state_class': <SensorStateClass.MEASUREMENT: 'measurement'>,
        'unit_of_measurement': 'L/h',
        'viessmann_feature_name': 'heating.sensors.volumetricFlow.allengra',
      }),
      'entity_id': 'sensor.vitocal250a_volumetric_flow',
      'state': '0',
    }),
    dict({
      'attributes': dict({
        'device_class': 'switch',
        'friendly_name': 'Vitocal250A DHW Hygiene',
        'icon': 'mdi:shield-check',
      }),
      'entity_id': 'switch.vitocal250a_dhw_hygiene',
      'state': 'off',
    }),
    dict({
      'attributes': dict({
        'device_class': 'switch',
        'friendly_name': 'Vitocal250A One Time DHW Charge',
        'icon': 'mdi:water-boiler',
      }),
      'entity_id': 'switch.vitocal250a_one_time_dhw_charge',
      'state': 'off',
    }),
    dict({
      'attributes': dict({
        'current_temperature': 46.8,
        'friendly_name': 'Vitocal250A DHW Water Heater',
        'max_temp': 60,
        'min_temp': 10,
        'operation_list': list([
          'eco',
          'off',
          'performance',
        ]),
        'operation_mode': 'eco',
        'supported_features': <WaterHeaterEntityFeature.TARGET_TEMPERATURE|OPERATION_MODE: 3>,
        'target_temp_high': None,
        'target_temp_low': None,
        'temperature': 55.0,
      }),
      'entity_id': 'water_heater.vitocal250a_dhw_water_heater',
      'state': 'eco',
    }),
  ])
# ---
