# serializer version: 1
# name: test_discovery_snapshot
  list([
    dict({
      'attributes': dict({
        'device_class': 'running',
        'friendly_name': 'Vitocal250A Circulation Pump Heating Circuit 0',
        'viessmann_feature_name': 'heating.circuits.0.circulation.pump.status',
      }),
      'entity_id': 'binary_sensor.vitocal250a_circulation_pump_heating_circuit_0',
      'state': 'on',
    }),
    dict({
      'attributes': dict({
        'device_class': 'running',
        'friendly_name': 'Vitocal250A Compressor 0 Active',
        'viessmann_feature_name': 'heating.compressors.0.active',
      }),
      'entity_id': 'binary_sensor.vitocal250a_compressor_0_active',
      'state': 'off',
    }),
    dict({
      'attributes': dict({
        'device_class': 'running',
        'friendly_name': 'Vitocal250A Compressor 0 Crankcase Heater',
        'viessmann_feature_name': 'heating.compressors.0.heater.crankcase.active',
      }),
      'entity_id': 'binary_sensor.vitocal250a_compressor_0_crankcase_heater',
      'state': 'off',
    }),
    dict({
      'attributes': dict({
        'device_class': 'running',
        'friendly_name': 'Vitocal250A DHW Circulation Pump',
        'viessmann_feature_name': 'heating.dhw.pumps.circulation.status',
      }),
      'entity_id': 'binary_sensor.vitocal250a_dhw_circulation_pump',
      'state': 'on',
    }),
    dict({
      'attributes': dict({
        'device_class': 'running',
        'friendly_name': 'Vitocal250A Evaporator 0 Base Heater',
        'viessmann_feature_name': 'heating.evaporators.0.heater.base.active',
      }),
      'entity_id': 'binary_sensor.vitocal250a_evaporator_0_base_heater',
      'state': 'off',
    }),
    dict({
      'attributes': dict({
        'device_class': 'running',
        'friendly_name': 'Vitocal250A Frost Protection Heating Circuit 0',
        'viessmann_feature_name': 'heating.circuits.0.frostprotection.status',
      }),
      'entity_id': 'binary_sensor.vitocal250a_frost_protection_heating_circuit_0',
      'state': 'off',
    }),
    dict({
      'attributes': dict({
        'device_class': 'running',
        'friendly_name': 'Vitocal250A One Time Charge',
        'viessmann_feature_name': 'heating.dhw.oneTimeCharge.active',
      }),
      'entity_id': 'binary_sensor.vitocal250a_one_time_charge',
      'state': 'off',
    }),
    dict({
      'attributes': dict({
        'device_class': 'running',
        'friendly_name': 'Vitocal250A Outdoor Defrosting',
        'viessmann_feature_name': 'heating.outdoor.defrosting.active',
      }),
      'entity_id': 'binary_sensor.vitocal250a_outdoor_defrosting',
      'state': 'off',
    }),
    dict({
      'attributes': dict({
        'device_class': 'temperature',
        'friendly_name': 'Vitocal250A DHW Hysteresis',
        'icon': 'mdi:thermometer-lines',
        'max': 10.0,
        'min': 1.0,
        'mode': <NumberMode.BOX: 'box'>,
        'step': 0.5,
        'unit_of_measurement': <UnitOfTemperature.KELVIN: 'K'>,
        'viessmann_feature_name': 'heating.dhw.temperature.hysteresis',
      }),
      'entity_id': 'number.vitocal250a_dhw_hysteresis',
      'state': '5',
    }),
    dict({
      'attributes': dict({
        'device_class': 'temperature',
        'friendly_name': 'Vitocal250A DHW Hysteresis Switch Off',
        'icon': 'mdi:thermometer-minus',
        'max': 2.5,
        'min': 0.0,
        'mode': <NumberMode.BOX: 'box'>,
        'step': 0.5,
        'unit_of_measurement': <UnitOfTemperature.KELVIN: 'K'>,
        'viessmann_feature_name': 'heating.dhw.temperature.hysteresis.switchOffValue',
      }),
      'entity_id': 'number.vitocal250a_dhw_hysteresis_switch_off',
      'state': '0',
    }),
    dict({
      'attributes': dict({
        'device_class': 'temperature',
        'friendly_name': 'Vitocal250A DHW Hysteresis Switch On',
        'icon': 'mdi:thermometer-plus',
        'max': 10.0,
        'min': 1.0,
        'mode': <NumberMode.BOX: 'box'>,
        'step': 0.5,
        'unit_of_measurement': <UnitOfTemperature.KELVIN: 'K'>,
        'viessmann_feature_name': 'heating.dhw.temperature.hysteresis.switchOnValue',
      }),
      'entity_id': 'number.vitocal250a_dhw_hysteresis_switch_on',
      'state': '5',
    }),
    dict({
      'attributes': dict({
        'device_class': 'temperature',
        'friendly_name': 'Vitocal250A DHW Target Temperature',
        'icon': 'mdi:thermometer',
        'max': 60.0,
        'min': 10.0,
        'mode': <NumberMode.BOX: 'box'>,
        'step': 1.0,
        'unit_of_measurement': <UnitOfTemperature.CELSIUS: '°C'>,
        'viessmann_feature_name': 'heating.dhw.temperature.main',
      }),
      'entity_id': 'number.vitocal250a_dhw_target_temperature',
      'state': '55',
    }),
    dict({
      'attributes': dict({
        'device_class': 'temperature',
        'friendly_name': 'Vitocal250A Heating Circuit 0 Curve Shift',
        'icon': 'mdi:arrow-up-down',
        'max': 40.0,
        'min': -13.0,
        'mode': <NumberMode.BOX: 'box'>,
        'step': 1.0,
        'unit_of_measurement': <UnitOfTemperature.CELSIUS: '°C'>,
        'viessmann_feature_name': 'heating.circuits.0.heating.curve.shift',
      }),
      'entity_id': 'number.vitocal250a_heating_circuit_0_curve_shift',
      'state': '4',
    }),
    dict({
      'attributes': dict({
        'friendly_name': 'Vitocal250A Heating Circuit 0 Curve Slope',
        'icon': 'mdi:slope-uphill',
        'max': 3.5,
        'min': 0.2,
        'mode': <NumberMode.BOX: 'box'>,
        'step': 0.1,
        'viessmann_feature_name': 'heating.circuits.0.heating.curve.slope',
      }),
      'entity_id': 'number.vitocal250a_heating_circuit_0_curve_slope',
      'state': '0.6',
    }),
    dict({
      'attributes': dict({
        'friendly_name': 'Vitocal250A DHW Mode',
        'icon': 'mdi:water-boiler-auto',
        'options': list([
          'efficient',
          'efficientWithMinComfort',
          'off',
        ]),
      }),
      'entity_id': 'select.vitocal250a_dhw_mode',
      'state': 'efficient',
    }),
    dict({
      'attributes': dict({
        'friendly_name': 'Vitocal250A Heating Circuit 0 Operation Mode',
        'icon': 'mdi:home-thermometer-auto',
        'options': list([
          'heating',
          'standby',
        ]),
      }),
      'entity_id': 'select.vitocal250a_heating_circuit_0_operation_mode',
      'state': 'heating',
    }),
    dict({
      'attributes': dict({
        'friendly_name': 'Vitocal250A 4/3-Way Valve Position',
        'icon': 'mdi:valve',
        'viessmann_feature_name': 'heating.valves.fourThreeWay.position',
      }),
      'entity_id': 'sensor.vitocal250a_4_3_way_valve_position',
      'state': 'climatCircuitTwoDefrost',
    }),
    dict({
      'attributes': dict({
        'device_class': 'temperature',
        'friendly_name': 'Vitocal250A Buffer Cylinder Temperature',
        'state_class': <SensorStateClass.MEASUREMENT: 'measurement'>,
        'unit_of_measurement': <UnitOfTemperature.CELSIUS: '°C'>,
        'viessmann_feature_name': 'heating.bufferCylinder.sensors.temperature.main',
      }),
      'entity_id': 'sensor.vitocal250a_buffer_cylinder_temperature',
      'state': '29.9',
    }),
    dict({
      'attributes': dict({
        'device_class': 'temperature',
        'friendly_name': 'Vitocal250A Common Supply Temperature',
        'state_class': <SensorStateClass.MEASUREMENT: 'measurement'>,
        'unit_of_measurement': <UnitOfTemperature.CELSIUS: '°C'>,
        'viessmann_feature_name': 'heating.boiler.sensors.temperature.commonSupply',
      }),
      'entity_id': 'sensor.vitocal250a_common_supply_temperature',
      'state': '33.1',
    }),
    dict({
      'attributes': dict({
        'device_class': 'duration',
        'friendly_name': 'Vitocal250A Compressor 0 Hours',
        'icon': 'mdi:counter',
        'state_class': <SensorStateClass.TOTAL_INCREASING: 'total_increasing'>,
        'unit_of_measurement': 'h',
        'viessmann_feature_name': 'heating.compressors.0.statistics.hours',
      }),
      'entity_id': 'sensor.vitocal250a_compressor_0_hours',
      'state': '8118',
    }),
    dict({
      'attributes': dict({
        'device_class': 'pressure',
        'friendly_name': 'Vitocal250A Compressor 0 Inlet Pressure',
        'icon': 'mdi:gauge',
        'state_class': <SensorStateClass.MEASUREMENT: 'measurement'>,
        'unit_of_measurement': <UnitOfPressure.BAR: 'bar'>,
        'viessmann_feature_name': 'heating.compressors.0.sensors.pressure.inlet',
      }),
      'entity_id': 'sensor.vitocal250a_compressor_0_inlet_pressure',
      'state': '6.66',
    }),
    dict({
      'attributes': dict({
        'device_class': 'temperature',
        'friendly_name': 'Vitocal250A Compressor 0 Inlet Temperature',
        'state_class': <SensorStateClass.MEASUREMENT: 'measurement'>,
        'unit_of_measurement': <UnitOfTemperature.CELSIUS: '°C'>,
        'viessmann_feature_name': 'heating.compressors.0.sensors.temperature.inlet',
      }),
      'entity_id': 'sensor.vitocal250a_compressor_0_inlet_temperature',
      'state': '20.9',
    }),
    dict({
      'attributes': dict({
        'device_class': 'temperature',
        'friendly_name': 'Vitocal250A Compressor 0 Motor Temperature',
        'state_class': <SensorStateClass.MEASUREMENT: 'measurement'>,
        'unit_of_measurement': <UnitOfTemperature.CELSIUS: '°C'>,
        'viessmann_feature_name': 'heating.compressors.0.sensors.temperature.motorChamber',
      }),
      'entity_id': 'sensor.vitocal250a_compressor_0_motor_temperature',
      'state': '24.2',
    }),
    dict({
      'attributes': dict({
        'device_class': 'temperature',
        'friendly_name': 'Vitocal250A Compressor 0 Oil Temperature',
        'state_class': <SensorStateClass.MEASUREMENT: 'measurement'>,
        'unit_of_measurement': <UnitOfTemperature.CELSIUS: '°C'>,
        'viessmann_feature_name': 'heating.compressors.0.sensors.temperature.oil',
      }),
      'entity_id': 'sensor.vitocal250a_compressor_0_oil_temperature',
      'state': '41.3',
    }),
    dict({
      'attributes': dict({
        'device_class': 'temperature',
        'friendly_name': 'Vitocal250A Compressor 0 Outlet Temperature',
        'state_class': <SensorStateClass.MEASUREMENT: 'measurement'>,
        'unit_of_measurement': <UnitOfTemperature.CELSIUS: '°C'>,
        'viessmann_feature_name': 'heating.compressors.0.sensors.temperature.outlet',
      }),
      'entity_id': 'sensor.vitocal250a_compressor_0_outlet_temperature',
      'state': '25.3',
    }),
    dict({
      'attributes': dict({
        'friendly_name': 'Vitocal250A Compressor 0 Phase',
        'icon': 'mdi:state-machine',
        'viessmann_feature_name': 'heating.compressors.0.phase',
      }),
      'entity_id': 'sensor.vitocal250a_compressor_0_phase',
      'state': 'ready',
    }),
    dict({
      'attributes': dict({
        'friendly_name': 'Vitocal250A Compressor 0 Speed',
        'icon': 'mdi:fan',
        'state_class': <SensorStateClass.MEASUREMENT: 'measurement'>,
        'unit_of_measurement': 'rps',
        'viessmann_feature_name': 'heating.compressors.0.speed.current',
      }),
      'entity_id': 'sensor.vitocal250a_compressor_0_speed',
      'state': '0',
    }),
    dict({
      'attributes': dict({
        'friendly_name': 'Vitocal250A Compressor 0 Starts',
        'icon': 'mdi:counter',
        'state_class': <SensorStateClass.TOTAL_INCREASING: 'total_increasing'>,
        'viessmann_feature_name': 'heating.compressors.0.statistics.starts',
      }),
      'entity_id': 'sensor.vitocal250a_compressor_0_starts',
      'state': '1502',
    }),
    dict({
      'attributes': dict({
        'device_class': 'temperature',
        'friendly_name': 'Vitocal250A Condensor 0 Liquid Temperature',
        'icon': 'mdi:thermometer',
        'state_class': <SensorStateClass.MEASUREMENT: 'measurement'>,
        'unit_of_measurement': <UnitOfTemperature.CELSIUS: '°C'>,
        'viessmann_feature_name': 'heating.condensors.0.sensors.temperature.liquid',
      }),
      'entity_id': 'sensor.vitocal250a_condensor_0_liquid_temperature',
      'state': '25.9',
    }),
    dict({
      'attributes': dict({
        'device_class': 'temperature',
        'friendly_name': 'Vitocal250A Economizer 0 Liquid Temperature',
        'state_class': <SensorStateClass.MEASUREMENT: 'measurement'>,
        'unit_of_measurement': <UnitOfTemperature.CELSIUS: '°C'>,
        'viessmann_feature_name': 'heating.economizers.0.sensors.temperature.liquid',
      }),
      'entity_id': 'sensor.vitocal250a_economizer_0_liquid_temperature',
      'state': '24.1',
    }),
    dict({
      'attributes': dict({
        'device_class': 'temperature',
        'friendly_name': 'Vitocal250A Evaporator 0 Liquid Temperature',
        'state_class': <SensorStateClass.MEASUREMENT: 'measurement'>,
        'unit_of_measurement': <UnitOfTemperature.CELSIUS: '°C'>,
        'viessmann_feature_name': 'heating.evaporators.0.sensors.temperature.liquid',
      }),
      'entity_id': 'sensor.vitocal250a_evaporator_0_liquid_temperature',
      'state': '13.9',
    }),
    dict({
      'attributes': dict({
        'device_class': 'temperature',
        'friendly_name': 'Vitocal250A Evaporator 0 Overheat Temperature',
        'icon': 'mdi:thermometer',
        'state_class': <SensorStateClass.MEASUREMENT: 'measurement'>,
        'unit_of_measurement': <UnitOfTemperature.CELSIUS: '°C'>,
        'viessmann_feature_name': 'heating.evaporators.0.sensors.temperature.overheat',
      }),
      'entity_id': 'sensor.vitocal250a_evaporator_0_overheat_temperature',
      'state': '20',
    }),
    dict({
      'attributes': dict({
        'friendly_name': 'Vitocal250A Fan 0 Speed',
        'icon': 'mdi:fan',
        'state_class': <SensorStateClass.MEASUREMENT: 'measurement'>,
        'unit_of_measurement': '%',
        'viessmann_feature_name': 'heating.primaryCircuit.fans.0.current',
      }),
      'entity_id': 'sensor.vitocal250a_fan_0_speed',
      'state': '0',
    }),
    dict({
      'attributes': dict({
        'friendly_name': 'Vitocal250A Fan 1 Speed',
        'icon': 'mdi:fan',
        'state_class': <SensorStateClass.MEASUREMENT: 'measurement'>,
        'unit_of_measurement': '%',
        'viessmann_feature_name': 'heating.primaryCircuit.fans.1.current',
      }),
      'entity_id': 'sensor.vitocal250a_fan_1_speed',
      'state': '0',
    }),
    dict({
      'attributes': dict({
        'device_class': 'temperature',
        'friendly_name': 'Vitocal250A Heating Circuit 0 Supply Temperature',
        'state_class': <SensorStateClass.MEASUREMENT: 'measurement'>,
        'unit_of_measurement': <UnitOfTemperature.CELSIUS: '°C'>,
        'viessmann_feature_name': 'heating.circuits.0.sensors.temperature.supply',
      }),
      'entity_id': 'sensor.vitocal250a_heating_circuit_0_supply_temperature',
      'state': '29.8',
    }),
    dict({
      'attributes': dict({
        'device_class': 'duration',
        'friendly_name': 'Vitocal250A Heating Rod Hours',
        'icon': 'mdi:counter',
        'state_class': <SensorStateClass.TOTAL_INCREASING: 'total_increasing'>,
        'unit_of_measurement': 'h',
        'viessmann_feature_name': 'heating.heatingRod.statistics.hours',
      }),
      'entity_id': 'sensor.vitocal250a_heating_rod_hours',
      'state': '31',
    }),
    dict({
      'attributes': dict({
        'friendly_name': 'Vitocal250A Heating Rod Starts',
        'icon': 'mdi:counter',
        'state_class': <SensorStateClass.TOTAL_INCREASING: 'total_increasing'>,
        'viessmann_feature_name': 'heating.heatingRod.statistics.starts',
      }),
      'entity_id': 'sensor.vitocal250a_heating_rod_starts',
      'state': '314',
    }),
    dict({
      'attributes': dict({
        'device_class': 'temperature',
        'friendly_name': 'Vitocal250A Hot Water Temperature',
        'state_class': <SensorStateClass.MEASUREMENT: 'measurement'>,
        'unit_of_measurement': <UnitOfTemperature.CELSIUS: '°C'>,
        'viessmann_feature_name': 'heating.dhw.sensors.temperature.hotWaterStorage',
      }),
      'entity_id': 'sensor.vitocal250a_hot_water_temperature',
      'state': '46.8',
    }),
    dict({
      'attributes': dict({
        'device_class': 'power',
        'friendly_name': 'Vitocal250A Inverter 0 Power Output',
        'state_class': <SensorStateClass.MEASUREMENT: 'measurement'>,
        'unit_of_measurement': <UnitOfPower.WATT: 'W'>,
        'viessmann_feature_name': 'heating.inverters.0.sensors.power.output',
      }),
      'entity_id': 'sensor.vitocal250a_inverter_0_power_output',
      'state': '0',
    }),
    dict({
      'attributes': dict({
        'device_class': 'temperature',
        'friendly_name': 'Vitocal250A Outside Temperature',
        'state_class': <SensorStateClass.MEASUREMENT: 'measurement'>,
        'unit_of_measurement': <UnitOfTemperature.CELSIUS: '°C'>,
        'viessmann_feature_name': 'heating.sensors.temperature.outside',
      }),
      'entity_id': 'sensor.vitocal250a_outside_temperature',
      'state': '12.2',
    }),
    dict({
      'attributes': dict({
        'device_class': 'energy',
        'friendly_name': 'Vitocal250A Power Consumption DHW (Today)',
        'state_class': <SensorStateClass.TOTAL_INCREASING: 'total_increasing'>,
        'unit_of_measurement': <UnitOfEnergy.KILO_WATT_HOUR: 'kWh'>,
      }),
      'entity_id': 'sensor.vitocal250a_power_consumption_dhw_today',
      'state': '10.2',
    }),
    dict({
      'attributes': dict({
        'device_class': 'energy',
        'friendly_name': 'Vitocal250A Power Consumption Heating (Today)',
        'state_class': <SensorStateClass.TOTAL_INCREASING: 'total_increasing'>,
        'unit_of_measurement': <UnitOfEnergy.KILO_WATT_HOUR: 'kWh'>,
      }),
      'entity_id': 'sensor.vitocal250a_power_consumption_heating_today',
      'state': '31.6',
    }),
    dict({
      'attributes': dict({
        'device_class': 'energy',
        'friendly_name': 'Vitocal250A Power Consumption Total (Today)',
        'state_class': <SensorStateClass.TOTAL_INCREASING: 'total_increasing'>,
        'unit_of_measurement': <UnitOfEnergy.KILO_WATT_HOUR: 'kWh'>,
      }),
      'entity_id': 'sensor.vitocal250a_power_consumption_total_today',
      'state': '41.8',
    }),
    dict({
      'attributes': dict({
        'device_class': 'temperature',
        'friendly_name': 'Vitocal250A Primary Circuit Supply Temperature',
        'state_class': <SensorStateClass.MEASUREMENT: 'measurement'>,
        'unit_of_measurement': <UnitOfTemperature.CELSIUS: '°C'>,
        'viessmann_feature_name': 'heating.primaryCircuit.sensors.temperature.supply',
      }),
      'entity_id': 'sensor.vitocal250a_primary_circuit_supply_temperature',
      'state': '13.9',
    }),
    dict({
      'attributes': dict({
        'device_class': 'energy',
        'friendly_name': 'Vitocal250A Produced Energy DHW (Today)',
        'state_class': <SensorStateClass.TOTAL_INCREASING: 'total_increasing'>,
        'unit_of_measurement': <UnitOfEnergy.KILO_WATT_HOUR: 'kWh'>,
        'viessmann_feature_name': 'heating.heat.production.summary.dhw.currentDay',
      }),
      'entity_id': 'sensor.vitocal250a_produced_energy_dhw_today',
      'state': '9.6',
    }),
    dict({
      'attributes': dict({
        'device_class': 'energy',
        'friendly_name': 'Vitocal250A Produced Energy Heating (Today)',
        'state_class': <SensorStateClass.TOTAL_INCREASING: 'total_increasing'>,
        'unit_of_measurement': <UnitOfEnergy.KILO_WATT_HOUR: 'kWh'>,
        'viessmann_feature_name': 'heating.heat.production.summary.heating.currentDay',
      }),
      'entity_id': 'sensor.vitocal250a_produced_energy_heating_today',
      'state': '22.8',
    }),
    dict({
      'attributes': dict({
        'device_class': 'temperature',
        'friendly_name': 'Vitocal250A Return Temperature',
        'state_class': <SensorStateClass.MEASUREMENT: 'measurement'>,
        'unit_of_measurement': <UnitOfTemperature.CELSIUS: '°C'>,
        'viessmann_feature_name': 'heating.sensors.temperature.return',
      }),
      'entity_id': 'sensor.vitocal250a_return_temperature',
      'state': '34.2',
    }),
    dict({
      'attributes': dict({
        'friendly_name': 'Vitocal250A SCOP DHW',
        'icon': 'mdi:chart-line',
        'state_class': <SensorStateClass.MEASUREMENT: 'measurement'>,
        'viessmann_feature_name': 'heating.scop.dhw',
      }),
      'entity_id': 'sensor.vitocal250a_scop_dhw',
      'state': '3.8',
    }),
    dict({
      'attributes': dict({
        'friendly_name': 'Vitocal250A SCOP Heating',
        'icon': 'mdi:chart-line',
        'state_class': <SensorStateClass.MEASUREMENT: 'measurement'>,
        'viessmann_feature_name': 'heating.scop.heating',
      }),
      'entity_id': 'sensor.vitocal250a_scop_heating',
      'state': '3.9',
    }),
    dict({
      'attributes': dict({
        'friendly_name': 'Vitocal250A SCOP Total',
        'icon': 'mdi:chart-line',
        'state_class': <SensorStateClass.MEASUREMENT: 'measurement'>,
        'viessmann_feature_name': 'heating.scop.total',
      }),
      'entity_id': 'sensor.vitocal250a_scop_total',
      'state': '3.9',
    }),
    dict({
      'attributes': dict({
        'device_class': 'temperature',
        'friendly_name': 'Vitocal250A Secondary Circuit Supply Temperature',
        'state_class': <SensorStateClass.MEASUREMENT: 'measurement'>,
        'unit_of_measurement': <UnitOfTemperature.CELSIUS: '°C'>,
        'viessmann_feature_name': 'heating.secondaryCircuit.sensors.temperature.supply',
      }),
      'entity_id': 'sensor.vitocal250a_secondary_circuit_supply_temperature',
      'state': '32.9',
    }),
    dict({
      'attributes': dict({
        'device_class': 'pressure',
        'friendly_name': 'Vitocal250A Supply Pressure',
        'icon': 'mdi:gauge',
        'state_class': <SensorStateClass.MEASUREMENT: 'measurement'>,
        'unit_of_measurement': <UnitOfPressure.BAR: 'bar'>,
        'viessmann_feature_name': 'heating.sensors.pressure.supply',
      }),
      'entity_id': 'sensor.vitocal250a_supply_pressure',
      'state': '1.8',
    }),
    dict({
      'attributes': dict({
        'device_class': 'volume_flow_rate',
        'friendly_name': 'Vitocal250A Volumetric Flow',
        'icon': 'mdi:gauge',
        'state_class': <SensorStateClass.MEASUREMENT: 'measurement'>,
        'unit_of_measurement': 'L/h',
        'viessmann_feature_name': 'heating.sensors.volumetricFlow.allengra',
      }),
      'entity_id': 'sensor.vitocal250a_volumetric_flow',
      'state': '0',
    }),
    dict({
      'attributes': dict({
        'device_class': 'switch',
        'friendly_name': 'Vitocal250A DHW Hygiene',
        'icon': 'mdi:shield-check',
      }),
      'entity_id': 'switch.vitocal250a_dhw_hygiene',
      'state': 'off',
    }),
    dict({
      'attributes': dict({
        'device_class': 'switch',
        'friendly_name': 'Vitocal250A One Time DHW Charge',
        'icon': 'mdi:water-boiler',
      }),
      'entity_id': 'switch.vitocal250a_one_time_dhw_charge',
      'state': 'off',
    }),
    dict({
      'attributes': dict({
        'current_temperature': 46.8,
        'friendly_name': 'Vitocal250A DHW Water Heater',
        'max_temp': 60,
        'min_temp': 10,
        'operation_list': list([
          'eco',
          'off',
          'performance',
        ]),
        'operation_mode': 'eco',
        'supported_features': <WaterHeaterEntityFeature.TARGET_TEMPERATURE|OPERATION_MODE: 3>,
        'target_temp_high': None,
        'target_temp_low': None,
        'target_temp_step': 1,
        'temperature': 55.0,
      }),
      'entity_id': 'water_heater.vitocal250a_dhw_water_heater',
      'state': 'eco',
    }),
  ])
# ---
